"report-def-1-rfile"
"Time Step" "report-def-1 etc.."
("Time Step" "report-def-1" "flow-time")
6211 -5.796366206787462e-06 621.1
6212 -5.570512811929737e-06 621.2
6213 -5.34024498306894e-06 621.3
6214 -5.106744124806473e-06 621.4
6215 -4.871801835019798e-06 621.5
6216 -4.632774405821399e-06 621.6
6217 -4.391313790623115e-06 621.7
6218 -4.148400647177898e-06 621.8
6219 -3.902502349462563e-06 621.9
6220 -3.655407145196426e-06 622
6221 -3.406107760150254e-06 622.1
6222 -3.154294663944696e-06 622.2
6223 -2.901215591578095e-06 622.3
6224 -2.646385868406958e-06 622.4
6225 -2.389362915179115e-06 622.5
6226 -2.132730291973286e-06 622.6
6227 -1.874598505970892e-06 622.7
6228 -1.613501614553276e-06 622.8
6229 -1.352087532098213e-06 622.9
6230 -1.090428677689662e-06 623
6231 -8.275576541262789e-07 623.1
6232 -5.635767802364733e-07 623.2
6233 -3.004286821443493e-07 623.3
6234 -3.744281221473178e-08 623.4
6235 2.27719830377197e-07 623.5
6236 4.91996593570274e-07 623.6
6237 7.557780857404769e-07 623.7
6238 1.02069115234286e-06 623.8
6239 1.283628829212073e-06 623.9
6240 1.547737131436993e-06 624
6241 1.809833404399723e-06 624.1
6242 2.070358599559279e-06 624.2
6243 2.331947566965455e-06 624.3
6244 2.592856085119813e-06 624.4
6245 2.851898505381323e-06 624.5
6246 3.110144250970518e-06 624.6
6247 3.367553815766536e-06 624.7
6248 3.62135921229456e-06 624.8
6249 3.873979313050523e-06 624.9
6250 4.125416005455378e-06 625
6251 4.373460721249413e-06 625.1
6252 4.619459950872431e-06 625.2
6253 4.86444878677294e-06 625.3
6254 5.104407249369666e-06 625.4
6255 5.344317693692186e-06 625.5
6256 5.579812627491757e-06 625.6
6257 5.808423521941846e-06 625.7
6258 6.036220346156422e-06 625.8
6259 6.260462400382532e-06 625.9
6260 6.482106028585239e-06 626
6261 6.699836578191915e-06 626.1
6262 6.917049444988579e-06 626.2
6263 7.128243347843073e-06 626.3
6264 7.33757583857465e-06 626.4
6265 7.543742185021063e-06 626.5
6266 7.745924359108197e-06 626.6
6267 7.942854941918209e-06 626.7
6268 8.135611594954733e-06 626.8
6269 8.323916911527764e-06 626.9
6270 8.507761613809352e-06 627
6271 8.687538992914437e-06 627.1
6272 8.861830918164942e-06 627.2
6273 9.030959993850262e-06 627.3
6274 9.19653056785208e-06 627.4
6275 9.355964113975323e-06 627.5
6276 9.509982546059896e-06 627.6
6277 9.659213358441834e-06 627.7
6278 9.802266969644049e-06 627.8
6279 9.939470503969918e-06 627.9
6280 1.006998155648461e-05 628
6281 1.019613144191397e-05 628.1
6282 1.031665308366613e-05 628.2
6283 1.042907134872883e-05 628.3
6284 1.053638820596964e-05 628.4
6285 1.063770084879451e-05 628.5
6286 1.073353768558964e-05 628.6
6287 1.082221692515568e-05 628.7
6288 1.090577356407472e-05 628.8
6289 1.098480729476683e-05 628.9
6290 1.105859760377345e-05 629
6291 1.11234194041995e-05 629.1
6292 1.118319504228583e-05 629.2
6293 1.123758115410494e-05 629.3
6294 1.128673663430509e-05 629.4
6295 1.132818661924613e-05 629.5
6296 1.136456906326995e-05 629.6
6297 1.139316139167509e-05 629.7
6298 1.141623023463019e-05 629.8
6299 1.143550002123417e-05 629.9
6300 1.144541169483749e-05 630
6301 1.145088398670472e-05 630.1
6302 1.144863971842995e-05 630.2
6303 1.144225258695041e-05 630.3
6304 1.142910171592352e-05 630.4
6305 1.140993703275016e-05 630.5
6306 1.138431987857309e-05 630.6
6307 1.135130445434378e-05 630.7
6308 1.131361116089884e-05 630.8
6309 1.127091998354047e-05 630.9
6310 1.122111882964482e-05 631
6311 1.116634785727294e-05 631.1
6312 1.110511935852857e-05 631.2
6313 1.103747557072568e-05 631.3
6314 1.096258518184743e-05 631.4
6315 1.088257008107927e-05 631.5
6316 1.079560478873685e-05 631.6
6317 1.070383469244208e-05 631.7
6318 1.060624793085313e-05 631.8
6319 1.050179744438277e-05 631.9
6320 1.039233553843039e-05 632
6321 1.027852918729e-05 632.1
6322 1.015858821915341e-05 632.2
6323 1.003543303971948e-05 632.3
6324 9.905824298930048e-06 632.4
6325 9.769389929436893e-06 632.5
6326 9.628973746826957e-06 632.6
6327 9.482449504862308e-06 632.7
6328 9.332643747696395e-06 632.8
6329 9.179258790278147e-06 632.9
6330 9.018607798231059e-06 633
6331 8.853738477809217e-06 633.1
6332 8.684694261332169e-06 633.2
6333 8.510485157653585e-06 633.3
6334 8.331737520449303e-06 633.4
6335 8.148326492996934e-06 633.5
6336 7.960434228318192e-06 633.6
6337 7.76854048424599e-06 633.7
6338 7.573143104837643e-06 633.8
6339 7.37386397864457e-06 633.9
6340 7.16863971321656e-06 634
6341 6.96088656872267e-06 634.1
6342 6.750879321634676e-06 634.2
6343 6.535934763197779e-06 634.3
6344 6.317873152953639e-06 634.4
6345 6.096610228224727e-06 634.5
6346 5.871540080239035e-06 634.6
6347 5.64333688013993e-06 634.7
6348 5.413057915814685e-06 634.8
6349 5.178004165495188e-06 634.9
6350 4.942256953258958e-06 635
6351 4.703874770190108e-06 635.1
6352 4.460994807042893e-06 635.2
6353 4.216906893362202e-06 635.3
6354 3.970396644409741e-06 635.4
6355 3.722315742886467e-06 635.5
6356 3.471796389046152e-06 635.6
6357 3.220749540758907e-06 635.7
6358 2.96595691633962e-06 635.8
6359 2.711154906714045e-06 635.9
6360 2.453212063040729e-06 636
6361 2.197475455923954e-06 636.1
6362 1.938332114696899e-06 636.2
6363 1.675793970685015e-06 636.3
6364 1.414864480827651e-06 636.4
6365 1.151610108362318e-06 636.5
6366 8.899712221717071e-07 636.6
6367 6.238575009657966e-07 636.7
6368 3.606777510478652e-07 636.8
6369 9.419083957607229e-08 636.9
6370 -1.697424529309794e-07 637
6371 -4.362798078666447e-07 637.1
6372 -7.008711376331211e-07 637.2
6373 -9.654342237612847e-07 637.3
6374 -1.228462133355605e-06 637.4
6375 -1.492029865461882e-06 637.5
6376 -1.754563207073097e-06 637.6
6377 -2.016055881776863e-06 637.7
6378 -2.27717765212632e-06 637.8
6379 -2.538147093764287e-06 637.9
6380 -2.797445007574514e-06 638
6381 -3.054711579755421e-06 638.1
6382 -3.311948515430151e-06 638.2
6383 -3.566689321900634e-06 638.3
6384 -3.817702191670487e-06 638.4
6385 -4.067663850967374e-06 638.5
6386 -4.316875548458481e-06 638.6
6387 -4.562645711962325e-06 638.7
6388 -4.805384671573999e-06 638.8
6389 -5.04658159236014e-06 638.9
6390 -5.282934481500395e-06 639
6391 -5.517286500079607e-06 639.1
6392 -5.75007621228888e-06 639.2
6393 -5.978931082871164e-06 639.3
6394 -6.204305834840169e-06 639.4
6395 -6.425835403006316e-06 639.5
6396 -6.643842846106299e-06 639.6
6397 -6.859921781423284e-06 639.7
6398 -7.071244334359822e-06 639.8
6399 -7.278104138233984e-06 639.9
6400 -7.480367502655711e-06 640
6401 -7.680591071470556e-06 640.1
6402 -7.876236514108876e-06 640.2
6403 -8.066139455599804e-06 640.3
6404 -8.253477489891146e-06 640.4
6405 -8.435474783397838e-06 640.5
6406 -8.61475020396471e-06 640.6
6407 -8.786253649231215e-06 640.7
6408 -8.954113007275386e-06 640.8
6409 -9.11483229885469e-06 640.9
6410 -9.271748241006262e-06 641
6411 -9.424538500898385e-06 641.1
6412 -9.570544749827337e-06 641.2
6413 -9.709876089931354e-06 641.3
6414 -9.844508467810258e-06 641.4
6415 -9.975217820057154e-06 641.5
6416 -1.009779193362984e-05 641.6
6417 -1.021440114859706e-05 641.7
6418 -1.03279754215515e-05 641.8
6419 -1.043416737534253e-05 641.9
6420 -1.053410178193289e-05 642
6421 -1.062944719431007e-05 642.1
6422 -1.07175030898253e-05 642.2
6423 -1.079867039102537e-05 642.3
6424 -1.087596170556594e-05 642.4
6425 -1.094657349032822e-05 642.5
6426 -1.101122870433219e-05 642.6
6427 -1.107046438114255e-05 642.7
6428 -1.112330803853779e-05 642.8
6429 -1.116970097429859e-05 642.9
6430 -1.121049594761297e-05 643
6431 -1.124615056105261e-05 643.1
6432 -1.127423349319288e-05 643.2
6433 -1.129678015709726e-05 643.3
6434 -1.131373496673027e-05 643.4
6435 -1.132448888936371e-05 643.5
6436 -1.132771691163946e-05 643.6
6437 -1.132558802757728e-05 643.7
6438 -1.13168816447543e-05 643.8
6439 -1.130330815397573e-05 643.9
6440 -1.128370005350267e-05 644
6441 -1.125671759365566e-05 644.1
6442 -1.122461966884576e-05 644.2
6443 -1.118473680860819e-05 644.3
6444 -1.11423198604721e-05 644.4
6445 -1.109120480538419e-05 644.5
6446 -1.103399276487612e-05 644.6
6447 -1.097062313738946e-05 644.7
6448 -1.090147861034796e-05 644.8
6449 -1.082401367207014e-05 644.9
6450 -1.074029431195247e-05 645
6451 -1.065128005244565e-05 645.1
6452 -1.055723836340819e-05 645.2
6453 -1.045807725137485e-05 645.3
6454 -1.03530862988727e-05 645.4
6455 -1.024309320472809e-05 645.5
6456 -1.012775061590312e-05 645.6
6457 -1.000743512616807e-05 645.7
6458 -9.881545995514445e-06 645.8
6459 -9.751723303457129e-06 645.9
6460 -9.615081306763038e-06 646
6461 -9.473724140473571e-06 646.1
6462 -9.327198736329396e-06 646.2
6463 -9.175790123630773e-06 646.3
6464 -9.020678919925599e-06 646.4
6465 -8.857037661822374e-06 646.5
6466 -8.692132197781043e-06 646.6
6467 -8.521238256379102e-06 646.7
6468 -8.346249804781372e-06 646.8
6469 -8.16624726401184e-06 646.9
6470 -7.98159421642229e-06 647
6471 -7.793318360672546e-06 647.1
6472 -7.599749895259337e-06 647.2
6473 -7.403191670219989e-06 647.3
6474 -7.201626161649882e-06 647.4
6475 -6.997273946246129e-06 647.5
6476 -6.790089084511207e-06 647.6
6477 -6.578152135991744e-06 647.7
6478 -6.360945147785781e-06 647.8
6479 -6.142716093650075e-06 647.9
6480 -5.920770580158153e-06 648
6481 -5.695706323964112e-06 648.1
6482 -5.467526463958447e-06 648.2
6483 -5.235774801309689e-06 648.3
6484 -5.0017299768471e-06 648.4
6485 -4.764428162448299e-06 648.5
6486 -4.525302698828039e-06 648.6
6487 -4.28317669062992e-06 648.7
6488 -4.038669340685822e-06 648.8
6489 -3.792498246773282e-06 648.9
6490 -3.543782224203981e-06 649
6491 -3.292826072722078e-06 649.1
6492 -3.041091261338445e-06 649.2
6493 -2.787421912242714e-06 649.3
6494 -2.531477804573421e-06 649.4
6495 -2.275526920655065e-06 649.5
6496 -2.016232015260833e-06 649.6
6497 -1.757377104581488e-06 649.7
6498 -1.49682516060188e-06 649.8
6499 -1.234942970790707e-06 649.9
6500 -9.72272226477859e-07 650
6501 -7.09493399089892e-07 650.1
6502 -4.460951031491471e-07 650.2
6503 -1.827605543606241e-07 650.3
6504 8.123296039819737e-08 650.4
6505 3.461518431039543e-07 650.5
6506 6.102903384134446e-07 650.6
6507 8.751649810573838e-07 650.7
6508 1.1386472132078e-06 650.8
6509 1.401634921688892e-06 650.9
6510 1.664432718582542e-06 651
6511 1.926535058312551e-06 651.1
6512 2.187551995456873e-06 651.2
6513 2.450074106808841e-06 651.3
6514 2.708595850603893e-06 651.4
6515 2.966861016307351e-06 651.5
6516 3.226996419656833e-06 651.6
6517 3.481190621361986e-06 651.7
6518 3.735066167619425e-06 651.8
6519 3.986984704179257e-06 651.9
6520 4.236531248208117e-06 652
6521 4.484862103081943e-06 652.1
6522 4.729373816275247e-06 652.2
6523 4.972269079105998e-06 652.3
6524 5.21236914019155e-06 652.4
6525 5.449429656939552e-06 652.5
6526 5.6816983686961e-06 652.6
6527 5.910930705544274e-06 652.7
6528 6.137962166091297e-06 652.8
6529 6.360158093919517e-06 652.9
6530 6.578524681145104e-06 653
6531 6.797931136329492e-06 653.1
6532 7.011010957578915e-06 653.2
6533 7.221516937420867e-06 653.3
6534 7.431659257642058e-06 653.4
6535 7.634574578402129e-06 653.5
6536 7.834756789272134e-06 653.6
6537 8.030103551629063e-06 653.7
6538 8.220450077732749e-06 653.8
6539 8.406609351188601e-06 653.9
6540 8.589819527336689e-06 654
6541 8.766427217407007e-06 654.1
6542 8.938348087756882e-06 654.2
6543 9.105723660231773e-06 654.3
6544 9.268335156545182e-06 654.4
6545 9.425382722420827e-06 654.5
6546 9.577691463206562e-06 654.6
6547 9.724268623064014e-06 654.7
6548 9.86409326330081e-06 654.8
6549 9.998864150839597e-06 654.9
6550 1.012801349630247e-05 655
6551 1.025022092673687e-05 655.1
6552 1.036733935840312e-05 655.2
6553 1.047797790650929e-05 655.3
6554 1.058234385148964e-05 655.4
6555 1.068091580808617e-05 655.5
6556 1.077356829376265e-05 655.6
6557 1.086083443045617e-05 655.7
6558 1.094174349084103e-05 655.8
6559 1.101901354556179e-05 655.9
6560 1.108792731010025e-05 656
6561 1.115062320281595e-05 656.1
6562 1.120881708670202e-05 656.2
6563 1.12603492674897e-05 656.3
6564 1.130523061523779e-05 656.4
6565 1.134493983078664e-05 656.5
6566 1.137908236546453e-05 656.6
6567 1.140454990270778e-05 656.7
6568 1.142563073775278e-05 656.8
6569 1.143942430170079e-05 656.9
6570 1.144937430340368e-05 657
6571 1.145055355182482e-05 657.1
6572 1.144706234526503e-05 657.2
6573 1.143757932402387e-05 657.3
6574 1.142038722490745e-05 657.4
6575 1.139836378207217e-05 657.5
6576 1.137075102091219e-05 657.6
6577 1.133531615249522e-05 657.7
6578 1.129608994703726e-05 657.8
6579 1.124828244914843e-05 657.9
6580 1.119770456458769e-05 658
6581 1.113980085817547e-05 658.1
6582 1.107562520719018e-05 658.2
6583 1.100426009689001e-05 658.3
6584 1.092727122038072e-05 658.4
6585 1.08444960246123e-05 658.5
6586 1.075519414388628e-05 658.6
6587 1.066119366153024e-05 658.7
6588 1.055942123993861e-05 658.8
6589 1.045387807359615e-05 658.9
6590 1.034226934236051e-05 659
6591 1.022487632655526e-05 659.1
6592 1.010435633838793e-05 659.2
6593 9.978203909581823e-06 659.3
6594 9.845095423882463e-06 659.4
6595 9.706871029224301e-06 659.5
6596 9.563979536053982e-06 659.6
6597 9.416533734797067e-06 659.7
6598 9.264772455289421e-06 659.8
6599 9.107040276987096e-06 659.9
6600 8.945843809530163e-06 660
6601 8.778691281239119e-06 660.1
6602 8.607294068491587e-06 660.2
6603 8.431246485331299e-06 660.3
6604 8.250165863186572e-06 660.4
6605 8.064282155604619e-06 660.5
6606 7.875080425518457e-06 660.6
6607 7.681138354037938e-06 660.7
6608 7.484568153779404e-06 660.8
6609 7.282127251641228e-06 660.9
6610 7.075951119962412e-06 661
6611 6.866766618295957e-06 661.1
6612 6.655316513499927e-06 661.2
6613 6.438631238648999e-06 661.3
6614 6.219583004040793e-06 661.4
6615 5.996347735913286e-06 661.5
6616 5.768954669330569e-06 661.6
6617 5.540370180679987e-06 661.7
6618 5.307690924864445e-06 661.8
6619 5.073541850711559e-06 661.9
6620 4.835832446343533e-06 662
6621 4.595433183403318e-06 662.1
6622 4.352131285765081e-06 662.2
6623 4.106853900653071e-06 662.3
6624 3.85979736122143e-06 662.4
6625 3.609806551704647e-06 662.5
6626 3.359074645824429e-06 662.6
6627 3.106655118282749e-06 662.7
6628 2.852057419695812e-06 662.8
6629 2.595579526628862e-06 662.9
6630 2.338526257619173e-06 663
6631 2.080493209183709e-06 663.1
6632 1.820359231062865e-06 663.2
6633 1.559442495323685e-06 663.3
6634 1.296847931770271e-06 663.4
6635 1.035504012142937e-06 663.5
6636 7.707900004947211e-07 663.6
6637 5.052966870228618e-07 663.7
6638 2.419235146432617e-07 663.8
6639 -2.492901319649732e-08 663.9
6640 -2.890870163929916e-07 664
6641 -5.552338921296735e-07 664.1
6642 -8.194073126511361e-07 664.2
6643 -1.084050331783556e-06 664.3
6644 -1.346599350339038e-06 664.4
6645 -1.609398796429446e-06 664.5
6646 -1.872386864496449e-06 664.6
6647 -2.133910468901827e-06 664.7
6648 -2.395782397750041e-06 664.8
6649 -2.653320625775305e-06 664.9
6650 -2.912871496474151e-06 665
6651 -3.169789885290856e-06 665.1
6652 -3.425831253852258e-06 665.2
6653 -3.679352640391818e-06 665.3
6654 -3.930238559308604e-06 665.4
6655 -4.179471023159506e-06 665.5
6656 -4.427366019206344e-06 665.6
6657 -4.671674074938013e-06 665.7
6658 -4.914037027667289e-06 665.8
6659 -5.153106010551609e-06 665.9
6660 -5.388677952566906e-06 666
6661 -5.621231418973046e-06 666.1
6662 -5.853129153789431e-06 666.2
6663 -6.080508831747683e-06 666.3
6664 -6.303669397424395e-06 666.4
6665 -6.52493750242063e-06 666.5
6666 -6.740798025630312e-06 666.6
6667 -6.954734377197804e-06 666.7
6668 -7.163923311064587e-06 666.8
6669 -7.368264799073959e-06 666.9
6670 -7.571725256291252e-06 667
6671 -7.768963946448413e-06 667.1
6672 -7.961556858576539e-06 667.2
6673 -8.149998665050603e-06 667.3
6674 -8.334622518895999e-06 667.4
6675 -8.516633351073053e-06 667.5
6676 -8.693511641917045e-06 667.6
6677 -8.861552076105526e-06 667.7
6678 -9.027391393045288e-06 667.8
6679 -9.185471995135106e-06 667.9
6680 -9.341498317553673e-06 668
6681 -9.489727881960436e-06 668.1
6682 -9.633178616575067e-06 668.2
6683 -9.771557617133345e-06 668.3
6684 -9.902720110619851e-06 668.4
6685 -1.003111976496035e-05 668.5
6686 -1.015154554525687e-05 668.6
6687 -1.026655863201285e-05 668.7
6688 -1.037612944260551e-05 668.8
6689 -1.047895121415207e-05 668.9
6690 -1.05778057776701e-05 669
6691 -1.066973144277234e-05 669.1
6692 -1.075449138804775e-05 669.2
6693 -1.083493055613646e-05 669.3
6694 -1.090697183485448e-05 669.4
6695 -1.097711470813924e-05 669.5
6696 -1.103862996528886e-05 669.6
6697 -1.109440417169993e-05 669.7
6698 -1.114464559108983e-05 669.8
6699 -1.118903994382812e-05 669.9
6700 -1.122755007104074e-05 670
6701 -1.125948591425237e-05 670.1
6702 -1.128433960295166e-05 670.2
6703 -1.130474115316858e-05 670.3
6704 -1.131942153121605e-05 670.4
6705 -1.132625814864765e-05 670.5
6706 -1.132719416014744e-05 670.6
6707 -1.132191146552901e-05 670.7
6708 -1.131201105786453e-05 670.8
6709 -1.129481851988104e-05 670.9
6710 -1.127294109069901e-05 671
6711 -1.12431556583424e-05 671.1
6712 -1.120776093735963e-05 671.2
6713 -1.116684093762507e-05 671.3
6714 -1.111927634874878e-05 671.4
6715 -1.106627951860779e-05 671.5
6716 -1.100663395162975e-05 671.6
6717 -1.094097162593834e-05 671.7
6718 -1.086724735998238e-05 671.8
6719 -1.07869994774171e-05 671.9
6720 -1.07006640168567e-05 672
6721 -1.060969960423817e-05 672.1
6722 -1.051316457383589e-05 672.2
6723 -1.041149371823356e-05 672.3
6724 -1.030488324025169e-05 672.4
6725 -1.019175268883421e-05 672.5
6726 -1.007426722928835e-05 672.6
6727 -9.952443199858024e-06 672.7
6728 -9.823830391270986e-06 672.8
6729 -9.691840155202247e-06 672.9
6730 -9.551415423354728e-06 673
6731 -9.407858532408253e-06 673.1
6732 -9.25939592621978e-06 673.2
6733 -9.109015017937279e-06 673.3
6734 -8.946325125283765e-06 673.4
6735 -8.783401732363176e-06 673.5
6736 -8.616525519337245e-06 673.6
6737 -8.443575232917606e-06 673.7
6738 -8.265590949553323e-06 673.8
6739 -8.08332253818151e-06 673.9
6740 -7.898347352782282e-06 674
6741 -7.707143902686438e-06 674.1
6742 -7.512021729465589e-06 674.2
6743 -7.31324136018697e-06 674.3
6744 -7.111216436911978e-06 674.4
6745 -6.905147741020677e-06 674.5
6746 -6.695554273400098e-06 674.6
6747 -6.481608158707387e-06 674.7
6748 -6.264667078317655e-06 674.8
6749 -6.042775033088514e-06 674.9
6750 -5.820119446937698e-06 675
6751 -5.593647548616828e-06 675.1
6752 -5.364442047788326e-06 675.2
6753 -5.13022632859542e-06 675.3
6754 -4.896639486734069e-06 675.4
6755 -4.658088311099773e-06 675.5
6756 -4.415937033847326e-06 675.6
6757 -4.173713429231863e-06 675.7
6758 -3.927767526707494e-06 675.8
6759 -3.681745098342281e-06 675.9
6760 -3.431771493540218e-06 676
6761 -3.180578640048009e-06 676.1
6762 -2.92729056139149e-06 676.2
6763 -2.673315703480602e-06 676.3
6764 -2.415012982035797e-06 676.4
6765 -2.159242879695498e-06 676.5
6766 -1.90106720241565e-06 676.6
6767 -1.640483200615389e-06 676.7
6768 -1.379388701804089e-06 676.8
6769 -1.117946935253726e-06 676.9
6770 -8.54623026018825e-07 677
6771 -5.912146889792151e-07 677.1
6772 -3.282333749042107e-07 677.2
6773 -6.397399890717383e-08 677.3
6774 1.994630682746183e-07 677.4
6775 4.649358961757527e-07 677.5
6776 7.288046043042986e-07 677.6
6777 9.941614833980338e-07 677.7
6778 1.255735041964351e-06 677.8
6779 1.520164600745961e-06 677.9
6780 1.783087301643465e-06 678
6781 2.043112730666976e-06 678.1
6782 2.304655648917785e-06 678.2
6783 2.566125130590383e-06 678.3
6784 2.82469017030404e-06 678.4
6785 3.083575335964008e-06 678.5
6786 3.340684935637613e-06 678.6
6787 3.59532157600129e-06 678.7
6788 3.848382801377389e-06 678.8
6789 4.098838911869516e-06 678.9
6790 4.348555729470508e-06 679
6791 4.594171307613981e-06 679.1
6792 4.839216371174338e-06 679.2
6793 5.079300183439224e-06 679.3
6794 5.319378730873629e-06 679.4
6795 5.555034425722416e-06 679.5
6796 5.784848632270798e-06 679.6
6797 6.014252698218633e-06 679.7
6798 6.238144134296446e-06 679.8
6799 6.459498000402598e-06 679.9
6800 6.676914437321837e-06 680
6801 6.894033833873936e-06 680.1
6802 7.105232021172107e-06 680.2
6803 7.316329022700809e-06 680.3
6804 7.522871507668813e-06 680.4
6805 7.724988788415684e-06 680.5
6806 7.922296414081358e-06 680.6
6807 8.115995421337459e-06 680.7
6808 8.304299958078934e-06 680.8
6809 8.489295128466597e-06 680.9
6810 8.66952324930779e-06 681
6811 8.845160141826187e-06 681.1
6812 9.012902004133838e-06 681.2
6813 9.17991704946877e-06 681.3
6814 9.338806643202581e-06 681.4
6815 9.494339345448806e-06 681.5
6816 9.644335991660788e-06 681.6
6817 9.788071076059262e-06 681.7
6818 9.925263628616027e-06 681.8
6819 1.005707103860375e-05 681.9
6820 1.01831989077087e-05 682
6821 1.030402054482121e-05 682.1
6822 1.041815481822335e-05 682.2
6823 1.052493821057871e-05 682.3
6824 1.062780974524345e-05 682.4
6825 1.072339228046382e-05 682.5
6826 1.08131391959921e-05 682.6
6827 1.089744492737068e-05 682.7
6828 1.097697046563999e-05 682.8
6829 1.10515519098802e-05 682.9
6830 1.111654454182485e-05 683
6831 1.117709469266846e-05 683.1
6832 1.123221561329268e-05 683.2
6833 1.128219403720356e-05 683.3
6834 1.132445920534989e-05 683.4
6835 1.136063582511697e-05 683.5
6836 1.13906810116706e-05 683.6
6837 1.14142203437049e-05 683.7
6838 1.143398470478917e-05 683.8
6839 1.144457042618632e-05 683.9
6840 1.145065456300168e-05 684
6841 1.14487405971184e-05 684.1
6842 1.144318069101455e-05 684.2
6843 1.143111724567453e-05 684.3
6844 1.141230913478603e-05 684.4
6845 1.138679943042961e-05 684.5
6846 1.135487821352459e-05 684.6
6847 1.131794160495765e-05 684.7
6848 1.127599645996033e-05 684.8
6849 1.122572048125512e-05 684.9
6850 1.117257832227318e-05 685
6851 1.111147054388225e-05 685.1
6852 1.104474386606869e-05 685.2
6853 1.097031740134121e-05 685.3
6854 1.089101489496483e-05 685.4
6855 1.080533616138168e-05 685.5
6856 1.07136023755699e-05 685.6
6857 1.061640293259454e-05 685.7
6858 1.051237168350837e-05 685.8
6859 1.040451610911341e-05 685.9
6860 1.029059882890653e-05 686
6861 1.017163400345056e-05 686.1
6862 1.004791287951619e-05 686.2
6863 9.919476283468712e-06 686.3
6864 9.783958146371537e-06 686.4
6865 9.643754998778957e-06 686.5
6866 9.497990837144731e-06 686.6
6867 9.348675435999509e-06 686.7
6868 9.195082282204419e-06 686.8
6869 9.035042661026281e-06 686.9
6870 8.871050797195018e-06 687
6871 8.702192761855332e-06 687.1
6872 8.528626582951406e-06 687.2
6873 8.351100032807679e-06 687.3
6874 8.16728856184561e-06 687.4
6875 7.979643821785321e-06 687.5
6876 7.788338376342595e-06 687.6
6877 7.593851289442101e-06 687.7
6878 7.394539034295605e-06 687.8
6879 7.190438989665778e-06 687.9
6880 6.98287616884164e-06 688
6881 6.772512399357123e-06 688.1
6882 6.558343106343915e-06 688.2
6883 6.340594870898914e-06 688.3
6884 6.119947432186005e-06 688.4
6885 5.895209606078317e-06 688.5
6886 5.666597820269658e-06 688.6
6887 5.436844937568215e-06 688.7
6888 5.202421197260733e-06 688.8
6889 4.967342365531515e-06 688.9
6890 4.728799960957247e-06 689
6891 4.4862409723422e-06 689.1
6892 4.242177653408117e-06 689.2
6893 3.996782532819106e-06 689.3
6894 3.74782357726168e-06 689.4
6895 3.497895205293832e-06 689.5
6896 3.246271544316622e-06 689.6
6897 2.992913393263611e-06 689.7
6898 2.737631130621818e-06 689.8
6899 2.480320757497219e-06 689.9
6900 2.223778690040812e-06 690
6901 1.964861749466927e-06 690.1
6902 1.702881038920875e-06 690.2
6903 1.442249849819947e-06 690.3
6904 1.178862848321663e-06 690.4
6905 9.17044455892762e-07 690.5
6906 6.517627400890277e-07 690.6
6907 3.878604524956853e-07 690.7
6908 1.226690281300506e-07 690.8
6909 -1.430382839135683e-07 690.9
6910 -4.07483484861633e-07 691
6911 -6.737555602901711e-07 691.1
6912 -9.384032182056533e-07 691.2
6913 -1.201690416863455e-06 691.3
6914 -1.464436538150454e-06 691.4
6915 -1.727805824781047e-06 691.5
6916 -1.989036098314074e-06 691.6
6917 -2.250515978720095e-06 691.7
6918 -2.511041764679979e-06 691.8
6919 -2.77066782583754e-06 691.9
6920 -3.028597541133721e-06 692
6921 -3.285466532778191e-06 692.1
6922 -3.540110737804487e-06 692.2
6923 -3.791490464566354e-06 692.3
6924 -4.042109392334392e-06 692.4
6925 -4.291299442768035e-06 692.5
6926 -4.53710591340132e-06 692.6
6927 -4.780105510764733e-06 692.7
6928 -5.021560227823327e-06 692.8
6929 -5.2588363951764e-06 692.9
6930 -5.493972019268126e-06 693
6931 -5.726167723810362e-06 693.1
6932 -5.955287771783617e-06 693.2
6933 -6.180783632047097e-06 693.3
6934 -6.403584071775548e-06 693.4
6935 -6.621303054651466e-06 693.5
6936 -6.837583810517394e-06 693.6
6937 -7.049999832154492e-06 693.7
6938 -7.256682390387104e-06 693.8
6939 -7.459440638651524e-06 693.9
6940 -7.66046415038056e-06 694
6941 -7.855851759896501e-06 694.1
6942 -8.046553919035647e-06 694.2
6943 -8.23468615591632e-06 694.3
6944 -8.417533087487662e-06 694.4
6945 -8.595324621087921e-06 694.5
6946 -8.768817417001989e-06 694.6
6947 -8.936708349638733e-06 694.7
6948 -9.099048817021701e-06 694.8
6949 -9.255127344978692e-06 694.9
6950 -9.409393615587851e-06 695
6951 -9.555161866685792e-06 695.1
6952 -9.695758574456935e-06 695.2
6953 -9.830708993001922e-06 695.3
6954 -9.962184890605444e-06 695.4
6955 -1.008485965141416e-05 695.5
6956 -1.020309865693721e-05 695.6
6957 -1.031724901223659e-05 695.7
6958 -1.0422821503582e-05 695.8
6959 -1.052424490631946e-05 695.9
6960 -1.061966260814194e-05 696
6961 -1.070862325742296e-05 696.1
6962 -1.079073011845663e-05 696.2
6963 -1.08688797998698e-05 696.3
6964 -1.093832769595806e-05 696.4
6965 -1.10048317021532e-05 696.5
6966 -1.106476087253797e-05 696.6
6967 -1.111776231903527e-05 696.7
6968 -1.11651790450452e-05 696.8
6969 -1.12066017718867e-05 696.9
6970 -1.124253508111977e-05 697
6971 -1.127207798522883e-05 697.1
6972 -1.129407214882124e-05 697.2
6973 -1.131231976121461e-05 697.3
6974 -1.132330791546787e-05 697.4
6975 -1.132751021874649e-05 697.5
6976 -1.132563429944454e-05 697.6
6977 -1.131784279747092e-05 697.7
6978 -1.130488535318241e-05 697.8
6979 -1.128574922499871e-05 697.9
6980 -1.125986565762284e-05 698
6981 -1.122829457426293e-05 698.1
6982 -1.118989201926483e-05 698.2
6983 -1.114703407335686e-05 698.3
6984 -1.109663085750809e-05 698.4
6985 -1.103976040998214e-05 698.5
6986 -1.097751071307994e-05 698.6
6987 -1.090903195223803e-05 698.7
6988 -1.083265673968863e-05 698.8
6989 -1.074921970230778e-05 698.9
6990 -1.066055250533045e-05 699
6991 -1.056722733617874e-05 699.1
6992 -1.046864515160395e-05 699.2
6993 -1.036407722001854e-05 699.3
6994 -1.025497052256245e-05 699.4
6995 -1.013988905986043e-05 699.5
6996 -1.00201486148051e-05 699.6
6997 -9.894613223561482e-06 699.7
6998 -9.766039339704465e-06 699.8
6999 -9.62893786990798e-06 699.9
7000 -9.488378996572425e-06 700
7001 -9.34269097768181e-06 700.1
7002 -9.191220769224029e-06 700.2
7003 -9.036168216853315e-06 700.3
7004 -8.875379973514401e-06 700.4
7005 -8.709784206089069e-06 700.5
7006 -8.539504112512389e-06 700.6
7007 -8.36456118179942e-06 700.7
7008 -8.185219513064312e-06 700.8
7009 -8.000813485802552e-06 700.9
7010 -7.813141678573595e-06 701
7011 -7.620397698675646e-06 701.1
7012 -7.424184401057621e-06 701.2
7013 -7.222590177166174e-06 701.3
7014 -7.018718583432645e-06 701.4
7015 -6.811915596204326e-06 701.5
7016 -6.600213328721917e-06 701.6
7017 -6.383775613943122e-06 701.7
7018 -6.166229517249748e-06 701.8
7019 -5.943146580252355e-06 701.9
7020 -5.718941400103771e-06 702
7021 -5.492248556058601e-06 702.1
7022 -5.259693855931538e-06 702.2
7023 -5.026183986909132e-06 702.3
7024 -4.790353654256399e-06 702.4
7025 -4.549151922265109e-06 702.5
7026 -4.308149977695767e-06 702.6
7027 -4.064266035314774e-06 702.7
7028 -3.818057500741066e-06 702.8
7029 -3.569846021533129e-06 702.9
7030 -3.319090965929554e-06 703
7031 -3.067253317210727e-06 703.1
7032 -2.813611841576538e-06 703.2
7033 -2.559015530590663e-06 703.3
7034 -2.301581647715693e-06 703.4
7035 -2.042725754716085e-06 703.5
7036 -1.783987351936354e-06 703.6
7037 -1.524086119831044e-06 703.7
7038 -1.262169852477258e-06 703.8
7039 -9.998261813463062e-07 703.9
7040 -7.368564833609293e-07 704
7041 -4.730157753876878e-07 704.1
7042 -2.102528970799595e-07 704.2
7043 5.34086841196318e-08 704.3
7044 3.191999313020516e-07 704.4
7045 5.822322731645223e-07 704.5
7046 8.474612301972039e-07 704.6
7047 1.111576849622914e-06 704.7
7048 1.374422347682829e-06 704.8
7049 1.637779495123301e-06 704.9
7050 1.89924602018896e-06 705
7051 2.160828860295644e-06 705.1
7052 2.421619153231465e-06 705.2
7053 2.683020914762206e-06 705.3
7054 2.940141737028185e-06 705.4
7055 3.19983409562808e-06 705.5
7056 3.454970250532815e-06 705.6
7057 3.709133616135054e-06 705.7
7058 3.96087138305836e-06 705.8
7059 4.211069742628696e-06 705.9
7060 4.458998285591981e-06 706
7061 4.704339746295995e-06 706.1
7062 4.946711243365259e-06 706.2
7063 5.18658795331714e-06 706.3
7064 5.425243737958884e-06 706.4
7065 5.658507184541265e-06 706.5
7066 5.888735543958806e-06 706.6
7067 6.113775968473644e-06 706.7
7068 6.337267619164739e-06 706.8
7069 6.556264315852295e-06 706.9
7070 6.774843511270293e-06 707
7071 6.988361890763606e-06 707.1
7072 7.200068734956105e-06 707.2
7073 7.411105814780093e-06 707.3
7074 7.613773358988365e-06 707.4
7075 7.814484722788637e-06 707.5
7076 8.00919359369686e-06 707.6
7077 8.201006000556717e-06 707.7
7078 8.387732397233512e-06 707.8
7079 8.571249641145068e-06 707.9
7080 8.748246904575407e-06 708
7081 8.920914859844862e-06 708.1
7082 9.088332108652157e-06 708.2
7083 9.251628616027885e-06 708.3
7084 9.409592349847093e-06 708.4
7085 9.562616520832641e-06 708.5
7086 9.708641715905641e-06 708.6
7087 9.850224182628697e-06 708.7
7088 9.985523894235848e-06 708.8
7089 1.011464433030821e-05 708.9
7090 1.023752439961033e-05 709
7091 1.03558254314973e-05 709.1
7092 1.046650583820878e-05 709.2
7093 1.057272075574762e-05 709.3
7094 1.067074373548833e-05 709.4
7095 1.076416533130567e-05 709.5
7096 1.085208553535217e-05 709.6
7097 1.093375193445806e-05 709.7
7098 1.101094112894928e-05 709.8
7099 1.108101951616728e-05 709.9
7100 1.114436371770764e-05 710
7101 1.120281765020033e-05 710.1
7102 1.125439065218544e-05 710.2
7103 1.13014504393327e-05 710.3
7104 1.134176671436675e-05 710.4
7105 1.137577213119069e-05 710.5
7106 1.140266064006544e-05 710.6
7107 1.142356065761008e-05 710.7
7108 1.143827035537314e-05 710.8
7109 1.144852730185726e-05 710.9
7110 1.145117458919239e-05 711
7111 1.144753715966937e-05 711.1
7112 1.143841846600548e-05 711.2
7113 1.142264728631793e-05 711.3
7114 1.140151207692806e-05 711.4
7115 1.137405015604402e-05 711.5
7116 1.133932325322114e-05 711.6
7117 1.129975826628121e-05 711.7
7118 1.125376621349067e-05 711.8
7119 1.12030773671113e-05 711.9
7120 1.114630676250189e-05 712
7121 1.108292414235647e-05 712.1
7122 1.101188850649417e-05 712.2
7123 1.093552574783651e-05 712.3
7124 1.085350605287446e-05 712.4
7125 1.076456921862511e-05 712.5
7126 1.067164725670142e-05 712.6
7127 1.057022274104163e-05 712.7
7128 1.046505326233142e-05 712.8
7129 1.035368548766775e-05 712.9
7130 1.023737897001761e-05 713
7131 1.011734899200125e-05 713.1
7132 9.991524713459094e-06 713.2
7133 9.85932670454228e-06 713.3
7134 9.721497567480189e-06 713.4
7135 9.578835173076823e-06 713.5
7136 9.43201749656568e-06 713.6
7137 9.279638748950234e-06 713.7
7138 9.124457815908228e-06 713.8
7139 8.962313808788959e-06 713.9
7140 8.796344615368084e-06 714
7141 8.625122072862447e-06 714.1
7142 8.450190749838297e-06 714.2
7143 8.268867993851934e-06 714.3
7144 8.08352394039697e-06 714.4
7145 7.894661301734107e-06 714.5
7146 7.701160677126043e-06 714.6
7147 7.505326892238958e-06 714.7
7148 7.303416067577187e-06 714.8
7149 7.097723480056294e-06 714.9
7150 6.888248480897529e-06 715
7151 6.67768061517787e-06 715.1
7152 6.461340824473751e-06 715.2
7153 6.242482204595795e-06 715.3
7154 6.019764062119724e-06 715.4
7155 5.792898257474879e-06 715.5
7156 5.564145588967937e-06 715.6
7157 5.332598903335653e-06 715.7
7158 5.098129029221463e-06 715.8
7159 4.860391150565472e-06 715.9
7160 4.6203154400376e-06 716
7161 4.377122003518794e-06 716.1
7162 4.132890756367481e-06 716.2
7163 3.885651690546296e-06 716.3
7164 3.635745897610629e-06 716.4
7165 3.385901123660258e-06 716.5
7166 3.132785743702128e-06 716.6
7167 2.8788384703588e-06 716.7
7168 2.622115566147203e-06 716.8
7169 2.365628645554219e-06 716.9
7170 2.106011227337533e-06 717
7171 1.847561702129874e-06 717.1
7172 1.586814174336836e-06 717.2
7173 1.323388833107862e-06 717.3
7174 1.062920418680389e-06 717.4
7175 7.977094151204762e-07 717.5
7176 5.329936276403046e-07 717.6
7177 2.694461062174514e-07 717.7
7178 2.720162207507156e-09 717.8
7179 -2.615004331227803e-07 717.9
7180 -5.275346811112899e-07 718
7181 -7.921059047610003e-07 718.1
7182 -1.057288659291047e-06 718.2
7183 -1.319048894356813e-06 718.3
7184 -1.582142576313063e-06 718.4
7185 -1.844279590695024e-06 718.5
7186 -2.107471163635166e-06 718.6
7187 -2.367913069156991e-06 718.7
7188 -2.62785794315785e-06 718.8
7189 -2.886336737796303e-06 718.9
7190 -3.142583453647582e-06 719
7191 -3.399886059622076e-06 719.1
7192 -3.652894544332007e-06 719.2
7193 -3.90432264350697e-06 719.3
7194 -4.153825466021818e-06 719.4
7195 -4.401741619897961e-06 719.5
7196 -4.646629538684789e-06 719.6
7197 -4.888600409233897e-06 719.7
7198 -5.128281633765865e-06 719.8
7199 -5.364774654288062e-06 719.9
7200 -5.597450966050844e-06 720
7201 -5.829090110811356e-06 720.1
7202 -6.05710864331329e-06 720.2
7203 -6.280463860197439e-06 720.3
7204 -6.502062736325929e-06 720.4
7205 -6.7187354632598e-06 720.5
7206 -6.932248639528569e-06 720.6
7207 -7.142968879521519e-06 720.7
7208 -7.3475716717408e-06 720.8
7209 -7.550117604621069e-06 720.9
7210 -7.748549097064065e-06 721
7211 -7.941818697008977e-06 721.1
7212 -8.130769433088302e-06 721.2
7213 -8.31621249261601e-06 721.3
7214 -8.497736056411903e-06 721.4
7215 -8.674682038265726e-06 721.5
7216 -8.843836620331908e-06 721.6
7217 -9.010383014209982e-06 721.7
7218 -9.168975753672837e-06 721.8
7219 -9.326008548170332e-06 721.9
7220 -9.474383015704577e-06 722
7221 -9.61811598561594e-06 722.1
7222 -9.758244241746013e-06 722.2
7223 -9.889273000886254e-06 722.3
7224 -1.001895296570414e-05 722.4
7225 -1.01387870672299e-05 722.5
7226 -1.02545773703547e-05 722.6
7227 -1.036522952352742e-05 722.7
7228 -1.046851895555366e-05 722.8
7229 -1.056767997398073e-05 722.9
7230 -1.066034983857942e-05 723
7231 -1.074602845124824e-05 723.1
7232 -1.082635493575744e-05 723.2
7233 -1.090016427471496e-05 723.3
7234 -1.096960440961855e-05 723.4
7235 -1.103248709850983e-05 723.5
7236 -1.108926321908455e-05 723.6
7237 -1.113955944235848e-05 723.7
7238 -1.118499422400847e-05 723.8
7239 -1.122370472463775e-05 723.9
7240 -1.125638047130822e-05 724
7241 -1.128219279324944e-05 724.1
7242 -1.13027818823844e-05 724.2
7243 -1.131833594730489e-05 724.3
7244 -1.132607787370424e-05 724.4
7245 -1.132735473636583e-05 724.5
7246 -1.132312397413212e-05 724.6
7247 -1.131331303362081e-05 724.7
7248 -1.129684772322815e-05 724.8
7249 -1.127542721987456e-05 724.9
7250 -1.124621998362227e-05 725
7251 -1.121176609497893e-05 725.1
7252 -1.117126140660006e-05 725.2
7253 -1.112489169515511e-05 725.3
7254 -1.107197682825567e-05 725.4
7255 -1.101308823129883e-05 725.5
7256 -1.094812329000094e-05 725.6
7257 -1.087503041532054e-05 725.7
7258 -1.079577119424414e-05 725.8
7259 -1.071016693112892e-05 725.9
7260 -1.06196103376455e-05 726
7261 -1.052340947327921e-05 726.1
7262 -1.0422260907353e-05 726.2
7263 -1.031615196333981e-05 726.3
7264 -1.020412427608516e-05 726.4
7265 -1.008674886610768e-05 726.5
7266 -9.965357126236016e-06 726.6
7267 -9.8372575197769e-06 726.7
7268 -9.706095086571077e-06 726.8
7269 -9.566196166836973e-06 726.9
7270 -9.423411167114539e-06 727
7271 -9.274768889145186e-06 727.1
7272 -9.124265567086887e-06 727.2
7273 -8.964336462147361e-06 727.3
7274 -8.800826324656053e-06 727.4
7275 -8.634213185617887e-06 727.5
7276 -8.461558727069679e-06 727.6
7277 -8.284493422003552e-06 727.7
7278 -8.102885239775587e-06 727.8
7279 -7.917548571723154e-06 727.9
7280 -7.727165456207534e-06 728
7281 -7.53235768913585e-06 728.1
7282 -7.334283940421228e-06 728.2
7283 -7.132426709192075e-06 728.3
7284 -6.926361530857472e-06 728.4
7285 -6.717117803075092e-06 728.5
7286 -6.504467129667478e-06 728.6
7287 -6.286913365142186e-06 728.7
7288 -6.066181421053247e-06 728.8
7289 -5.843421610689456e-06 728.9
7290 -5.617971075849214e-06 729
7291 -5.387555335333948e-06 729.1
7292 -5.155355934352642e-06 729.2
7293 -4.921280974604115e-06 729.3
7294 -4.681589586208866e-06 729.4
7295 -4.441693321283438e-06 729.5
7296 -4.199078430445262e-06 729.6
7297 -3.953422135464746e-06 729.7
7298 -3.707294301831134e-06 729.8
7299 -3.457770521777451e-06 729.9
7300 -3.206562213363794e-06 730
7301 -2.953763189210684e-06 730.1
7302 -2.699360395814727e-06 730.2
7303 -2.442295695202119e-06 730.3
7304 -2.186406579141732e-06 730.4
7305 -1.928545760613112e-06 730.5
7306 -1.667485438310535e-06 730.6
7307 -1.406690230584705e-06 730.7
7308 -1.145109878526425e-06 730.8
7309 -8.82411553052993e-07 730.9
7310 -6.184102494781662e-07 731
7311 -3.554912112179332e-07 731.1
7312 -9.092620071041629e-08 731.2
7313 1.716913742539307e-07 731.3
7314 4.370987155816809e-07 731.4
7315 7.02149807204823e-07 731.5
7316 9.658296989570135e-07 731.6
7317 1.228847527587692e-06 731.7
7318 1.492437048713936e-06 731.8
7319 1.755198168566316e-06 731.9
7320 2.016272972201965e-06 732
7321 2.277726603794548e-06 732.1
7322 2.539513167370816e-06 732.2
7323 2.798211518526606e-06 732.3
7324 3.056070829877125e-06 732.4
7325 3.31392419395066e-06 732.5
7326 3.569327964169373e-06 732.6
7327 3.822293637055212e-06 732.7
7328 4.073211434748958e-06 732.8
7329 4.323241586804008e-06 732.9
7330 4.568751062684411e-06 733
7331 4.813660055387943e-06 733.1
7332 5.055181893618804e-06 733.2
7333 5.29480364974686e-06 733.3
7334 5.530227909406159e-06 733.4
7335 5.761469333274324e-06 733.5
7336 5.990918027091782e-06 733.6
7337 6.215400030392928e-06 733.7
7338 6.43489721263751e-06 733.8
7339 6.654280730788662e-06 733.9
7340 6.871393849805677e-06 734
7341 7.083169015733732e-06 734.1
7342 7.295100027609588e-06 734.2
7343 7.501589968808458e-06 734.3
7344 7.704301292791779e-06 734.4
7345 7.902088576184188e-06 734.5
7346 8.096358233376379e-06 734.6
7347 8.284963041164468e-06 734.7
7348 8.469291633737409e-06 734.8
7349 8.651133412882696e-06 734.9
7350 8.827376733971773e-06 735
7351 8.996139641549016e-06 735.1
7352 9.163036608693313e-06 735.2
7353 9.322565266122862e-06 735.3
7354 9.478875632936766e-06 735.4
7355 9.629131602887075e-06 735.5
7356 9.773773278333148e-06 735.6
7357 9.910783988237971e-06 735.7
7358 1.004378116838772e-05 735.8
7359 1.017042389105107e-05 735.9
7360 1.029207391918693e-05 736
7361 1.04063950961384e-05 736.1
7362 1.051434116847035e-05 736.2
7363 1.061768524540371e-05 736.3
7364 1.071340067392106e-05 736.4
7365 1.080469299282099e-05 736.5
7366 1.088865682205185e-05 736.6
7367 1.096903936395648e-05 736.7
7368 1.104347457867264e-05 736.8
7369 1.111044986500666e-05 736.9
7370 1.117124622524461e-05 737
7371 1.122687699572413e-05 737.1
7372 1.127734793978984e-05 737.2
7373 1.131979166606621e-05 737.3
7374 1.135707296984146e-05 737.4
7375 1.138876179730642e-05 737.5
7376 1.141193606194165e-05 737.6
7377 1.143226745406779e-05 737.7
7378 1.144312689718081e-05 737.8
7379 1.144996593451237e-05 737.9
7380 1.144935277981733e-05 738
7381 1.144422770375558e-05 738.1
7382 1.143314939750722e-05 738.2
7383 1.14141068745857e-05 738.3
7384 1.138919324826791e-05 738.4
7385 1.135863072327178e-05 738.5
7386 1.132222226220107e-05 738.6
7387 1.128046327225973e-05 738.7
7388 1.123136820499845e-05 738.8
7389 1.117870693003244e-05 738.9
7390 1.111803613761252e-05 739
7391 1.10520687833834e-05 739.1
7392 1.097813362868308e-05 739.2
7393 1.089984173361613e-05 739.3
7394 1.081469114054017e-05 739.4
7395 1.072372618086355e-05 739.5
7396 1.062676136576995e-05 739.6
7397 1.052329782787774e-05 739.7
7398 1.041634148509708e-05 739.8
7399 1.030228854370889e-05 739.9
7400 1.018354290670551e-05 740
7401 1.006146971067844e-05 740.1
7402 1.002852939441519e-05 740.2
7403 9.840666106839873e-06 740.3000000000001
7404 9.705168991845101e-06 740.4000000000001
7405 9.562964599969174e-06 740.5
7406 9.415817649809213e-06 740.6
7407 9.264225677793141e-06 740.7
7408 9.106784037921206e-06 740.8000000000001
7409 8.94542939381371e-06 740.9000000000001
7410 8.778391802739307e-06 741
7411 8.607144266846407e-06 741.1
7412 8.431524208695694e-06 741.2
7413 8.250239253777411e-06 741.3000000000001
7414 8.064214614556218e-06 741.4000000000001
7415 7.875230522443523e-06 741.5
7416 7.681450263339112e-06 741.6
7417 7.484982396670753e-06 741.7
7418 7.282584757000498e-06 741.8000000000001
7419 7.076385805742572e-06 741.9000000000001
7420 6.867083874795754e-06 742
7421 6.6563356935255e-06 742.1
7422 6.439085066567631e-06 742.2
7423 6.220091556514401e-06 742.3000000000001
7424 5.997025308194789e-06 742.4000000000001
7425 5.769819123454639e-06 742.5
7426 5.541044348429448e-06 742.6
7427 5.309065371221687e-06 742.7
7428 5.074488013339126e-06 742.8000000000001
7429 4.836631517798846e-06 742.9000000000001
7430 4.596594291233629e-06 743
7431 4.352998450789246e-06 743.1
7432 4.108544209686529e-06 743.2
7433 3.860677675367737e-06 743.3000000000001
7434 3.610756493623289e-06 743.4000000000001
7435 3.360251192658732e-06 743.5
7436 3.107744183399749e-06 743.6
7437 2.853149401635097e-06 743.7
7438 2.596767683929846e-06 743.8000000000001
7439 2.340110171467472e-06 743.9000000000001
7440 2.080328728330338e-06 744
7441 1.821804195540369e-06 744.1
7442 1.560984570158627e-06 744.2
7443 1.297613377630251e-06 744.3000000000001
7444 1.036658835055107e-06 744.4000000000001
7445 7.717900730752747e-07 744.5
7446 5.064572321368102e-07 744.6
7447 2.428009633315467e-07 744.7
7448 -2.383870662470691e-08 744.8000000000001
7449 -2.879743282653382e-07 744.9000000000001
7450 -5.540871491510268e-07 745
7451 -8.184022396068049e-07 745.1
7452 -1.082555263435605e-06 745.2
7453 -1.345694515694855e-06 745.3000000000001
7454 -1.608469011147643e-06 745.4000000000001
7455 -1.871544733840777e-06 745.5
7456 -2.132865749829901e-06 745.6
7457 -2.394663080888583e-06 745.7
7458 -2.652445048912356e-06 745.8000000000001
7459 -2.912148724664171e-06 745.9000000000001
7460 -3.169111421408364e-06 746
7461 -3.424956861872258e-06 746.1
7462 -3.677946753549477e-06 746.2
7463 -3.929380649289268e-06 746.3000000000001
7464 -4.178783088406458e-06 746.4000000000001
7465 -4.426740357422861e-06 746.5
7466 -4.671053507101919e-06 746.6
7467 -4.913391862377909e-06 746.7
7468 -5.152429024971094e-06 746.8000000000001
7469 -5.388218313348623e-06 746.9000000000001
7470 -5.620763264168849e-06 747
7471 -5.852581221385363e-06 747.1
7472 -6.080042852348876e-06 747.2
7473 -6.303247613410988e-06 747.3000000000001
7474 -6.524263933677459e-06 747.4000000000001
7475 -6.740423374776477e-06 747.5
7476 -6.954550416216016e-06 747.6
7477 -7.16399053761494e-06 747.7
7478 -7.368619247844361e-06 747.8000000000001
7479 -7.570997676052886e-06 747.9000000000001
7480 -7.768760460580086e-06 748
7481 -7.961431734123645e-06 748.1
7482 -8.150006396347471e-06 748.2
7483 -8.334685247546531e-06 748.3000000000001
7484 -8.516748543768735e-06 748.4000000000001
7485 -8.693550273924208e-06 748.5
7486 -8.862102705681173e-06 748.6
7487 -9.02716056652222e-06 748.7
7488 -9.185435479571663e-06 748.8000000000001
7489 -9.341781132059556e-06 748.9000000000001
7490 -9.490183550102225e-06 749
7491 -9.63345484559154e-06 749.1
7492 -9.77186645181811e-06 749.2
7493 -9.903111656698869e-06 749.3000000000001
7494 -1.00315913385257e-05 749.4000000000001
7495 -1.015200429573407e-05 749.5
7496 -1.026707028531573e-05 749.6
7497 -1.037663356612625e-05 749.7
7498 -1.047951886526888e-05 749.8000000000001
7499 -1.057829778443914e-05 749.9000000000001
7500 -1.067040977909015e-05 750
7501 -1.075521637317879e-05 750.1
7502 -1.083566122266599e-05 750.2
7503 -1.090799889319483e-05 750.3000000000001
7504 -1.097748938123249e-05 750.4000000000001
7505 -1.103930033899217e-05 750.5
7506 -1.109548552459026e-05 750.6
7507 -1.114541675216187e-05 750.7
7508 -1.118984178489986e-05 750.8000000000001
7509 -1.122861842698211e-05 750.9000000000001
7510 -1.126041148329163e-05 751
7511 -1.128532472659991e-05 751.1
7512 -1.130609979934494e-05 751.2
7513 -1.132021353696075e-05 751.3000000000001
7514 -1.132737211047889e-05 751.4000000000001
7515 -1.132821720539485e-05 751.5
7516 -1.132322115586399e-05 751.6
7517 -1.131323775633251e-05 751.7
7518 -1.129611676230882e-05 751.8000000000001
7519 -1.127410882766228e-05 751.9000000000001
7520 -1.124445177855639e-05 752
7521 -1.120903624284791e-05 752.1
7522 -1.116826151932491e-05 752.2
7523 -1.112067765156773e-05 752.3000000000001
7524 -1.106766365461403e-05 752.4000000000001
7525 -1.100801137670797e-05 752.5
7526 -1.094242767904825e-05 752.6
7527 -1.086867223509693e-05 752.7
7528 -1.078839070744483e-05 752.8000000000001
7529 -1.070218250308624e-05 752.9000000000001
7530 -1.06111940285136e-05 753
7531 -1.051472345903232e-05 753.1
7532 -1.041296456750961e-05 753.2
7533 -1.030641470393634e-05 753.3000000000001
7534 -1.019339188387428e-05 753.4000000000001
7535 -1.007573100985263e-05 753.5
7536 -9.954200898443763e-06 753.6
7537 -9.825366357270087e-06 753.7
7538 -9.693418509304596e-06 753.8000000000001
7539 -9.553008319092722e-06 753.9000000000001
7540 -9.409784168981695e-06 754
7541 -9.261094020698767e-06 754.1
7542 -9.110714884639295e-06 754.2
7543 -8.947948757442368e-06 754.3000000000001
7544 -8.785119582058726e-06 754.4000000000001
7545 -8.618219417101614e-06 754.5
7546 -8.445236139958859e-06 754.6
7547 -8.267361321786466e-06 754.7
7548 -8.08505564361045e-06 754.8000000000001
7549 -7.900122141133373e-06 754.9000000000001
7550 -7.708785981581538e-06 755
7551 -7.513613784297225e-06 755.1
7552 -7.315499393242546e-06 755.2
7553 -7.112489972116833e-06 755.3000000000001
7554 -6.906854281460791e-06 755.4000000000001
7555 -6.697284110114822e-06 755.5
7556 -6.483370690139981e-06 755.6
7557 -6.266284766440096e-06 755.7
7558 -6.044468629079727e-06 755.8000000000001
7559 -5.821867293057217e-06 755.9000000000001
7560 -5.595343315380872e-06 756
7561 -5.366077904242437e-06 756.1
7562 -5.132530111104179e-06 756.2
7563 -4.898314689534903e-06 756.3000000000001
7564 -4.659272604658968e-06 756.4000000000001
7565 -4.418155275302594e-06 756.5
7566 -4.175106237692946e-06 756.6
7567 -3.929766445638816e-06 756.7
7568 -3.683565735594721e-06 756.8000000000001
7569 -3.433217691314143e-06 756.9000000000001
7570 -3.181958842972164e-06 757
7571 -2.928940317734416e-06 757.1
7572 -2.674891486356745e-06 757.2
7573 -2.417872588509948e-06 757.3000000000001
7574 -2.160552131599076e-06 757.4000000000001
7575 -1.902526732419352e-06 757.5
7576 -1.642158180633343e-06 757.6
7577 -1.380458417820931e-06 757.7
7578 -1.118976464578863e-06 757.8000000000001
7579 -8.561351323857004e-07 757.9000000000001
7580 -5.928718271618556e-07 758
7581 -3.296470694736169e-07 758.1
7582 -6.535954985398291e-08 758.2
7583 1.980197735871961e-07 758.3000000000001
7584 4.634393073619093e-07 758.4000000000001
7585 7.277372131651771e-07 758.5
7586 9.923046681019879e-07 758.6
7587 1.254850335749363e-06 758.7
7588 1.519086948988829e-06 758.8000000000001
7589 1.781834391691316e-06 758.9000000000001
7590 2.041869055285354e-06 759
7591 2.303489390807447e-06 759.1
7592 2.56493695394412e-06 759.2
7593 2.823526222538965e-06 759.3000000000001
7594 3.082401096520801e-06 759.4000000000001
7595 3.339498827110625e-06 759.5
7596 3.594227438348276e-06 759.6
7597 3.847380384824954e-06 759.7
7598 4.097779195550504e-06 759.8000000000001
7599 4.347590655578999e-06 759.9000000000001
7600 4.593230753921901e-06 760
7601 4.838293081718761e-06 760.1
7602 5.078905192450153e-06 760.2
7603 5.318541774374323e-06 760.3000000000001
7604 5.554132517185518e-06 760.4000000000001
7605 5.78440072324822e-06 760.5
7606 6.012515941983302e-06 760.6
7607 6.238528938371494e-06 760.7
7608 6.457555011622823e-06 760.8000000000001
7609 6.676110925987067e-06 760.9000000000001
7610 6.89347755452245e-06 761
7611 7.104665449340477e-06 761.1
7612 7.315575861764741e-06 761.2
7613 7.522302022039591e-06 761.3000000000001
7614 7.724480565378408e-06 761.4000000000001
7615 7.921846299153806e-06 761.5
7616 8.115633095568706e-06 761.6
7617 8.303890776593624e-06 761.7
7618 8.488783613535784e-06 761.8000000000001
7619 8.669235862031438e-06 761.9000000000001
7620 8.84491231014936e-06 762
7621 9.012359020294269e-06 762.1
7622 9.180341491810131e-06 762.2
7623 9.338733418093519e-06 762.3000000000001
7624 9.494170792062089e-06 762.4000000000001
7625 9.644283957546598e-06 762.5
7626 9.788342378854162e-06 762.6
7627 9.92490805846803e-06 762.7
7628 1.005708991680014e-05 762.8000000000001
7629 1.018311133147193e-05 762.9000000000001
7630 1.030434114742951e-05 763
7631 1.041805860041715e-05 763.1
7632 1.052516622326946e-05 763.2
7633 1.06281136562558e-05 763.3000000000001
7634 1.072367035727397e-05 763.4000000000001
7635 1.081354682158849e-05 763.5
7636 1.089773196850589e-05 763.6
7637 1.097720667356965e-05 763.7
7638 1.105207638195292e-05 763.8000000000001
7639 1.111695944428124e-05 763.9000000000001
7640 1.117763422935185e-05 764
7641 1.123272498520487e-05 764.1
7642 1.128255881884961e-05 764.2
7643 1.1325377391374e-05 764.3000000000001
7644 1.136130299540302e-05 764.4000000000001
7645 1.139139929890492e-05 764.5
7646 1.141487561091447e-05 764.6
7647 1.143468214368973e-05 764.7
7648 1.144533193425036e-05 764.8000000000001
7649 1.145147721684583e-05 764.9000000000001
7650 1.144953774359934e-05 765
7651 1.14441647492546e-05 765.1
7652 1.143216180595562e-05 765.2
7653 1.141308431336418e-05 765.3000000000001
7654 1.138773972064884e-05 765.4000000000001
7655 1.135580590112953e-05 765.5
7656 1.131898083307874e-05 765.6
7657 1.127698157276006e-05 765.7
7658 1.1226815989485e-05 765.8000000000001
7659 1.117374574316253e-05 765.9000000000001
7660 1.111324703026167e-05 766
7661 1.104508897492389e-05 766.1
7662 1.097145894846332e-05 766.2
7663 1.089232603117123e-05 766.3000000000001
7664 1.080667600817094e-05 766.4000000000001
7665 1.071489900302269e-05 766.5
7666 1.061768134590469e-05 766.6
7667 1.051367102480296e-05 766.7
7668 1.040580045791063e-05 766.8000000000001
7669 1.029187217856607e-05 766.9000000000001
7670 1.017297136935513e-05 767
7671 1.004923813976229e-05 767.1
7672 9.920945881803316e-06 767.2
7673 9.785582070704731e-06 767.3000000000001
7674 9.644990391991777e-06 767.4000000000001
7675 9.499461020984053e-06 767.5
7676 9.350164329925973e-06 767.6
7677 9.196614825712246e-06 767.7
7678 9.036319426953219e-06 767.8000000000001
7679 8.872515772597594e-06 767.9000000000001
7680 8.703749871156469e-06 768
7681 8.530202901788732e-06 768.1
7682 8.352640448961352e-06 768.2
7683 8.168833663101531e-06 768.3000000000001
7684 7.980908675671933e-06 768.4000000000001
7685 7.790148780450931e-06 768.5
7686 7.595577022002318e-06 768.6
7687 7.395929411526547e-06 768.7
7688 7.192075926908435e-06 768.8000000000001
7689 6.984561841555975e-06 768.9000000000001
7690 6.774142004962492e-06 769
7691 6.559937651673369e-06 769.1
7692 6.342162303380099e-06 769.2
7693 6.121603144272406e-06 769.3000000000001
7694 5.896895154751554e-06 769.4000000000001
7695 5.668681754672145e-06 769.5
7696 5.438436347356799e-06 769.6
7697 5.204025192227857e-06 769.7
7698 4.969068041463075e-06 769.8000000000001
7699 4.730409544525402e-06 769.9000000000001
7700 4.48782349625743e-06 770
7701 4.243958509665236e-06 770.1
7702 3.998421716989894e-06 770.2
7703 3.749457606770003e-06 770.3000000000001
7704 3.499503568037936e-06 770.4000000000001
7705 3.247933726855029e-06 770.5
7706 2.99453014747766e-06 770.6
7707 2.739154955857162e-06 770.7
7708 2.481924416211345e-06 770.8000000000001
7709 2.225370062177187e-06 770.9000000000001
7710 1.966463098619008e-06 771
7711 1.704467400428134e-06 771.1
7712 1.443905853697143e-06 771.2
7713 1.180656385071497e-06 771.3000000000001
7714 9.18601700936892e-07 771.4000000000001
7715 6.530485177018509e-07 771.5
7716 3.893474119672965e-07 771.6
7717 1.242789772257702e-07 771.7
7718 -1.414991072649641e-07 771.8000000000001
7719 -4.060588324620036e-07 771.9000000000001
7720 -6.722992873986641e-07 772
7721 -9.368844992813e-07 772.1
7722 -1.200263720718862e-06 772.2
7723 -1.46302340108152e-06 772.3000000000001
7724 -1.726382393548882e-06 772.4000000000001
7725 -1.987730434320868e-06 772.5
7726 -2.249072355492398e-06 772.6
7727 -2.509825189274212e-06 772.7
7728 -2.76949494276201e-06 772.8000000000001
7729 -3.027341739925832e-06 772.9000000000001
7730 -3.284123424880419e-06 773
7731 -3.539074816350217e-06 773.1
7732 -3.790405972238823e-06 773.2
7733 -4.040906666496826e-06 773.3000000000001
7734 -4.290114815198699e-06 773.4000000000001
7735 -4.535972832470859e-06 773.5
7736 -4.779042052146992e-06 773.6
7737 -5.020537619857669e-06 773.7
7738 -5.257412448637771e-06 773.8000000000001
7739 -5.492964402561682e-06 773.9000000000001
7740 -5.725130899434035e-06 774
7741 -5.954387247380431e-06 774.1
7742 -6.17993790589176e-06 774.2
7743 -6.402252654772399e-06 774.3000000000001
7744 -6.620432869033872e-06 774.4000000000001
7745 -6.836747881654926e-06 774.5
7746 -7.049244957402298e-06 774.6
7747 -7.255856656424631e-06 774.7
7748 -7.458676235702126e-06 774.8000000000001
7749 -7.659744070925392e-06 774.9000000000001
7750 -7.855185439192371e-06 775
7751 -8.045866156983637e-06 775.1
7752 -8.233984397512914e-06 775.2
7753 -8.416531560085044e-06 775.3000000000001
7754 -8.594817827285835e-06 775.4000000000001
7755 -8.768576425075248e-06 775.5
7756 -8.936277971235696e-06 775.6
7757 -9.098565182237555e-06 775.7
7758 -9.254552220431505e-06 775.8000000000001
7759 -9.409132040613423e-06 775.9000000000001
7760 -9.55482721732082e-06 776
7761 -9.695440890001007e-06 776.1
7762 -9.830459079040085e-06 776.2
7763 -9.961920316758225e-06 776.3000000000001
7764 -1.008467589641682e-05 776.4000000000001
7765 -1.020298040355788e-05 776.5
7766 -1.03171349322866e-05 776.6
7767 -1.04227551882358e-05 776.7
7768 -1.052414837666739e-05 776.8000000000001
7769 -1.061962951101294e-05 776.9000000000001
7770 -1.070873664494468e-05 777
7771 -1.079081941945424e-05 777.1
7772 -1.086891751844207e-05 777.2
7773 -1.093847202839445e-05 777.3000000000001
7774 -1.100503396068646e-05 777.4000000000001
7775 -1.106492883294322e-05 777.5
7776 -1.111799190323225e-05 777.6
7777 -1.116552253565096e-05 777.7
7778 -1.120679170494785e-05 777.8000000000001
7779 -1.124283790492014e-05 777.9000000000001
7780 -1.127250004311083e-05 778
7781 -1.129458593159536e-05 778.1
7782 -1.131273730063493e-05 778.2
7783 -1.132380880108337e-05 778.3000000000001
7784 -1.132796992448721e-05 778.4000000000001
7785 -1.132614458419133e-05 778.5
7786 -1.131845642220716e-05 778.6
7787 -1.130546543860307e-05 778.7
7788 -1.128637835338639e-05 778.8000000000001
7789 -1.126061561055026e-05 778.9000000000001
7790 -1.122915671928329e-05 779
7791 -1.119034713826126e-05 779.1
7792 -1.114773179017203e-05 779.2
7793 -1.10974234197475e-05 779.3000000000001
7794 -1.104067486341398e-05 779.4000000000001
7795 -1.097839739804278e-05 779.5
7796 -1.090986935190698e-05 779.6
7797 -1.083358726786697e-05 779.7
7798 -1.075026737763174e-05 779.8000000000001
7799 -1.066143733106741e-05 779.9000000000001
7800 -1.05681969188966e-05 780
7801 -1.04695886752259e-05 780.1
7802 -1.036507248362175e-05 780.2
7803 -1.025599403085409e-05 780.3000000000001
7804 -1.014103700312627e-05 780.4000000000001
7805 -1.002119564444895e-05 780.5
7806 -9.895884242095e-06 780.6
7807 -9.766778053803103e-06 780.7
7808 -9.630790303208066e-06 780.8000000000001
7809 -9.489633473494672e-06 780.9000000000001
7810 -9.343845817242817e-06 781
7811 -9.192441812450167e-06 781.1
7812 -9.037385452894234e-06 781.2
7813 -8.876574223356391e-06 781.3000000000001
7814 -8.71105053749733e-06 781.4000000000001
7815 -8.54077510069188e-06 781.5
7816 -8.365898263484711e-06 781.6
7817 -8.187115562138045e-06 781.7
7818 -8.001378760393749e-06 781.8000000000001
7819 -7.814459937762992e-06 781.9000000000001
7820 -7.621727563984226e-06 782
7821 -7.425215013364461e-06 782.1
7822 -7.224033959693506e-06 782.2
7823 -7.019983670172342e-06 782.3000000000001
7824 -6.813273361484218e-06 782.4000000000001
7825 -6.601680318821585e-06 782.5
7826 -6.385185109950103e-06 782.6
7827 -6.16766672493242e-06 782.7
7828 -5.944563059307305e-06 782.8000000000001
7829 -5.720364588686594e-06 782.9000000000001
7830 -5.493398297594254e-06 783
7831 -5.261192621139546e-06 783.1
7832 -5.027658263566917e-06 783.2
7833 -4.792118541026205e-06 783.3000000000001
7834 -4.550051588718325e-06 783.4000000000001
7835 -4.309639394348232e-06 783.5
7836 -4.065780679431357e-06 783.6
7837 -3.819483916544675e-06 783.7
7838 -3.57130648007843e-06 783.8000000000001
7839 -3.320454115966375e-06 783.9000000000001
7840 -3.06870422695805e-06 784
7841 -2.815029648504817e-06 784.1
7842 -2.560504411825641e-06 784.2
7843 -2.303123064070372e-06 784.3000000000001
7844 -2.044487348634667e-06 784.4000000000001
7845 -1.785229568503264e-06 784.5
7846 -1.525458495384572e-06 784.6
7847 -1.263747731502226e-06 784.7
7848 -1.001097532309954e-06 784.8000000000001
7849 -7.382049168623908e-07 784.9000000000001
7850 -4.743960615566468e-07 785
7851 -2.118235869016388e-07 785.1
7852 5.209589845700619e-08 785.2
7853 3.178006966934505e-07 785.3000000000001
7854 5.80729510503062e-07 785.4000000000001
7855 8.460882415306986e-07 785.5
7856 1.110152528859182e-06 785.6
7857 1.373096476863528e-06 785.7
7858 1.63646458663803e-06 785.8000000000001
7859 1.897873450478865e-06 785.9000000000001
7860 2.159437017543631e-06 786
7861 2.420742404041117e-06 786.1
7862 2.681427187474202e-06 786.2
7863 2.93880831475407e-06 786.3000000000001
7864 3.198665571732471e-06 786.4000000000001
7865 3.453718857197548e-06 786.5
7866 3.707864417083544e-06 786.6
7867 3.959637768928784e-06 786.7
7868 4.209868742703907e-06 786.8000000000001
7869 4.457832841045052e-06 786.9000000000001
7870 4.703025689081136e-06 787
7871 4.945486437241315e-06 787.1
7872 5.185650064974285e-06 787.2
7873 5.42410090455189e-06 787.3000000000001
7874 5.65768739982301e-06 787.4000000000001
7875 5.887798368084526e-06 787.5
7876 6.112796172881115e-06 787.6
7877 6.336227235877726e-06 787.7
7878 6.555402681728756e-06 787.8000000000001
7879 6.773967646977732e-06 787.9000000000001
7880 6.98789702863921e-06 788
7881 7.199023330806174e-06 788.1
7882 7.410151913290516e-06 788.2
7883 7.612916172304342e-06 788.3000000000001
7884 7.813371233941189e-06 788.4000000000001
7885 8.008920861619827e-06 788.5
7886 8.199976711372383e-06 788.6
7887 8.386872671071169e-06 788.7
7888 8.570646522499087e-06 788.8000000000001
7889 8.747529109632963e-06 788.9000000000001
7890 8.92025296136441e-06 789
7891 9.087736020764431e-06 789.1
7892 9.250984699003507e-06 789.2
7893 9.409082343521578e-06 789.3000000000001
7894 9.561953802022203e-06 789.4000000000001
7895 9.708276574946392e-06 789.5
7896 9.849785276677594e-06 789.6
7897 9.985139391233353e-06 789.7
7898 1.011406838829489e-05 789.8000000000001
7899 1.023712713205238e-05 789.9000000000001
7900 1.035558497423748e-05 790
7901 1.046623021870881e-05 790.1
7902 1.057245565079349e-05 790.2
7903 1.067049249425166e-05 790.3000000000001
7904 1.076403574816733e-05 790.4000000000001
7905 1.085184519644401e-05 790.5
7906 1.093393838827071e-05 790.6
7907 1.101085153357689e-05 790.7
7908 1.108093699412649e-05 790.8000000000001
7909 1.114449356362629e-05 790.9000000000001
7910 1.120279264701208e-05 791
7911 1.125437327480711e-05 791.1
7912 1.130148919734008e-05 791.2
7913 1.134184087120343e-05 791.3000000000001
7914 1.137594809954413e-05 791.4000000000001
7915 1.140293420612555e-05 791.5
7916 1.142374865882838e-05 791.6
7917 1.143844117106658e-05 791.7
7918 1.14487772819316e-05 791.8000000000001
7919 1.145135103844867e-05 791.9000000000001
7920 1.144771931050143e-05 792
7921 1.143883268319094e-05 792.1
7922 1.14230762770876e-05 792.2
7923 1.140195673797083e-05 792.3000000000001
7924 1.137453411557174e-05 792.4000000000001
7925 1.133965332670937e-05 792.5
7926 1.130035246924447e-05 792.6
7927 1.125429570804257e-05 792.7
7928 1.120356687976934e-05 792.8000000000001
7929 1.114693867199267e-05 792.9000000000001
7930 1.10834513242911e-05 793
7931 1.101252787480568e-05 793.1
7932 1.093605103765062e-05 793.2
7933 1.085419297854651e-05 793.3000000000001
7934 1.076530659672662e-05 793.4000000000001
7935 1.067236609554454e-05 793.5
7936 1.057098837761595e-05 793.6
7937 1.046589202501793e-05 793.7
7938 1.035444165591149e-05 793.8000000000001
7939 1.023825921690821e-05 793.9000000000001
7940 1.011820979575055e-05 794
7941 9.992476458336393e-06 794.1
7942 9.860366609104374e-06 794.2
7943 9.722503566202599e-06 794.3000000000001
7944 9.579901715796426e-06 794.4000000000001
7945 9.43290667551004e-06 794.5
7946 9.280588915493976e-06 794.6
7947 9.125410815245362e-06 794.7
7948 8.963455149040441e-06 794.8000000000001
7949 8.797393583476432e-06 794.9000000000001
7950 8.62619224788222e-06 795
7951 8.451267120568516e-06 795.1
7952 8.270155811239699e-06 795.2
7953 8.084584894680644e-06 795.3000000000001
7954 7.895795309268432e-06 795.4000000000001
7955 7.702396254696519e-06 795.5
7956 7.506449469638493e-06 795.6
7957 7.304596972685134e-06 795.7
7958 7.098859445467983e-06 795.8000000000001
7959 6.889497254408679e-06 795.9000000000001
7960 6.678912598932598e-06 796
7961 6.46258626782644e-06 796.1
7962 6.243746347705441e-06 796.2
7963 6.021042238316529e-06 796.3000000000001
7964 5.794124955378925e-06 796.4000000000001
7965 5.565674181864855e-06 796.5
7966 5.333744417282073e-06 796.6
7967 5.099420475550809e-06 796.7
7968 4.861718837102505e-06 796.8000000000001
7969 4.622245130108864e-06 796.9000000000001
7970 4.378477466497721e-06 797
7971 4.134353127343523e-06 797.1
7972 3.886969305994314e-06 797.2
7973 3.637080429929256e-06 797.3000000000001
7974 3.387246965192077e-06 797.4000000000001
7975 3.134224968534535e-06 797.5
7976 2.880170236495299e-06 797.6
7977 2.623430524350281e-06 797.7
7978 2.366932224732721e-06 797.8000000000001
7979 2.107431742272101e-06 797.9000000000001
7980 1.848942218363074e-06 798
7981 1.588234087723566e-06 798.1
7982 1.324700119600564e-06 798.2
7983 1.064393232791572e-06 798.3000000000001
7984 7.990355012802411e-07 798.4000000000001
7985 5.343720421783479e-07 798.5
7986 2.708830592934315e-07 798.6
7987 4.073968987593198e-09 798.7
7988 -2.601251662445385e-07 798.8000000000001
7989 -5.262049970325143e-07 798.9000000000001
7990 -7.908286223051718e-07 799
7991 -1.055876228279897e-06 799.1
7992 -1.317703894657102e-06 799.2
7993 -1.580835513762019e-06 799.3000000000001
7994 -1.843011576213185e-06 799.4000000000001
7995 -2.106165213128554e-06 799.5
7996 -2.366635739151427e-06 799.6
7997 -2.626488557376465e-06 799.7
7998 -2.885208094825581e-06 799.8000000000001
7999 -3.141437052333038e-06 799.9000000000001
8000 -3.398219708529024e-06 800
8001 -3.651665199713889e-06 800.1
8002 -3.903156659533733e-06 800.2
8003 -4.152643581437158e-06 800.3000000000001
8004 -4.40056182133646e-06 800.4000000000001
8005 -4.64544454665149e-06 800.5
8006 -4.887439571480094e-06 800.6
8007 -5.127081863373537e-06 800.7
8008 -5.363717281197898e-06 800.8000000000001
8009 -5.596346033354383e-06 800.9000000000001
8010 -5.827995332183729e-06 801
8011 -6.056191906186404e-06 801.1
8012 -6.279631247148643e-06 801.2
8013 -6.501003511852596e-06 801.3000000000001
8014 -6.717356159719742e-06 801.4000000000001
8015 -6.931301494919013e-06 801.5
8016 -7.142522599161134e-06 801.6
8017 -7.346685629344083e-06 801.7
8018 -7.549182389342591e-06 801.8000000000001
8019 -7.747775626124565e-06 801.9000000000001
8020 -7.941001190947417e-06 802
8021 -8.129962487505706e-06 802.1
8022 -8.315373763986349e-06 802.2
8023 -8.496951298377279e-06 802.3000000000001
8024 -8.673973284705957e-06 802.4000000000001
8025 -8.842928456352888e-06 802.5
8026 -9.009731410682684e-06 802.6
8027 -9.168372195010485e-06 802.7
8028 -9.325387224898045e-06 802.8000000000001
8029 -9.473800143069905e-06 802.9000000000001
8030 -9.61758724518655e-06 803
8031 -9.757706252296876e-06 803.1
8032 -9.888759551554379e-06 803.2
8033 -1.001845261717066e-05 803.3000000000001
8034 -1.013843684153488e-05 803.4000000000001
8035 -1.025404524062639e-05 803.5
8036 -1.036481388065301e-05 803.6
8037 -1.04682383867706e-05 803.7
8038 -1.056737106541486e-05 803.8000000000001
8039 -1.066014756553423e-05 803.9000000000001
8040 -1.074575956694746e-05 804
8041 -1.082609584996353e-05 804.1
8042 -1.089989738683183e-05 804.2
8043 -1.096939558885723e-05 804.3000000000001
8044 -1.10324118642813e-05 804.4000000000001
8045 -1.108905708216415e-05 804.5
8046 -1.113978079539402e-05 804.6
8047 -1.118495109901108e-05 804.7
8048 -1.122362612685588e-05 804.8000000000001
8049 -1.125638540800377e-05 804.9000000000001
8050 -1.128222973089397e-05 805
8051 -1.130284911886157e-05 805.1
8052 -1.131843295090185e-05 805.2
8053 -1.13262235842388e-05 805.3000000000001
8054 -1.132760534462172e-05 805.4000000000001
8055 -1.132334295994045e-05 805.5
8056 -1.131350733568415e-05 805.6
8057 -1.129708840662098e-05 805.7
8058 -1.12757039978333e-05 805.8000000000001
8059 -1.124660694743908e-05 805.9000000000001
8060 -1.121214265540949e-05 806
8061 -1.117146979765606e-05 806.1
8062 -1.112532323806588e-05 806.2
8063 -1.107249223167952e-05 806.3000000000001
8064 -1.101352566636728e-05 806.4000000000001
8065 -1.094853360018878e-05 806.5
8066 -1.087561715225303e-05 806.6
8067 -1.07963442485693e-05 806.7
8068 -1.071076090740127e-05 806.8000000000001
8069 -1.062023414072621e-05 806.9000000000001
8070 -1.05240937980135e-05 807
8071 -1.042289909210569e-05 807.1
8072 -1.031680522636176e-05 807.2
8073 -1.020484846999983e-05 807.3000000000001
8074 -1.008753205922624e-05 807.4000000000001
8075 -9.966087618671783e-06 807.5
8076 -9.837911214692448e-06 807.6
8077 -9.706880631995638e-06 807.7
8078 -9.567053413274648e-06 807.8000000000001
8079 -9.424196389169234e-06 807.9000000000001
8080 -9.275620908789763e-06 808
8081 -9.125168954566786e-06 808.1
8082 -8.965237138355315e-06 808.2
8083 -8.801736475385238e-06 808.3000000000001
8084 -8.635134105140991e-06 808.4000000000001
8085 -8.462498066287875e-06 808.5
8086 -8.285501959617553e-06 808.6
8087 -8.103818529144824e-06 808.7
8088 -7.918583983492201e-06 808.8000000000001
8089 -7.728145003815498e-06 808.9000000000001
8090 -7.533522654658293e-06 809
8091 -7.335361109862641e-06 809.1
8092 -7.133130878897536e-06 809.2
8093 -6.927771799470632e-06 809.3000000000001
8094 -6.718305338007749e-06 809.4000000000001
8095 -6.505527688181298e-06 809.5
8096 -6.288068178859788e-06 809.6
8097 -6.067455958107914e-06 809.7
8098 -5.844608342200151e-06 809.8000000000001
8099 -5.619164163446367e-06 809.9000000000001
8100 -5.388760102551427e-06 810
8101 -5.156500869460749e-06 810.1
8102 -4.922579955516553e-06 810.2
8103 -4.682823154282143e-06 810.3000000000001
8104 -4.442831298734503e-06 810.4000000000001
8105 -4.200306161721592e-06 810.5
8106 -3.954746483335911e-06 810.6
8107 -3.708839819046232e-06 810.7
8108 -3.458756737205498e-06 810.8000000000001
8109 -3.208026609111831e-06 810.9000000000001
8110 -2.954994730597015e-06 811
8111 -2.700698736121504e-06 811.1
8112 -2.443903904229572e-06 811.2
8113 -2.187791945883378e-06 811.3000000000001
8114 -1.929786480079821e-06 811.4000000000001
8115 -1.668776910898922e-06 811.5
8116 -1.408003495402851e-06 811.6
8117 -1.146501287865862e-06 811.7
8118 -8.837427205743049e-07 811.8000000000001
8119 -6.197242463113218e-07 811.9000000000001
8120 -3.568007414737151e-07 812
8121 -9.225705436398225e-08 812.1
8122 1.701141721263507e-07 812.2
8123 4.362696081674336e-07 812.3000000000001
8124 7.008811976930914e-07 812.4000000000001
8125 9.645984739414872e-07 812.5
8126 1.227353424080242e-06 812.6
8127 1.491111665554371e-06 812.7
8128 1.753917926996481e-06 812.8000000000001
8129 2.015059097232404e-06 812.9000000000001
8130 2.276448135059511e-06 813
8131 2.538213402427036e-06 813.1
8132 2.79726262622543e-06 813.2
8133 3.054842587734285e-06 813.3000000000001
8134 3.312647596428058e-06 813.4000000000001
8135 3.567976519945732e-06 813.5
8136 3.821056003127678e-06 813.6
8137 4.071994464960346e-06 813.7
8138 4.321647750869228e-06 813.8000000000001
8139 4.567641709991918e-06 813.9000000000001
8140 4.812506452705492e-06 814
8141 5.054040762013312e-06 814.1
8142 5.29360816939281e-06 814.2
8143 5.529214660562751e-06 814.3000000000001
8144 5.760559705122455e-06 814.4000000000001
8145 5.989593171004345e-06 814.5
8146 6.214291719063742e-06 814.6
8147 6.433816040692641e-06 814.7
8148 6.653263377760519e-06 814.8000000000001
8149 6.871114619066224e-06 814.9000000000001
8150 7.0824227177654e-06 815
8151 7.293883149051536e-06 815.1
8152 7.500752369603305e-06 815.2
8153 7.70316390013215e-06 815.3000000000001
8154 7.90141380027678e-06 815.4000000000001
8155 8.095575462893954e-06 815.5
8156 8.284214487724876e-06 815.6
8157 8.468443227793139e-06 815.7
8158 8.650320506116137e-06 815.8000000000001
8159 8.826359590266136e-06 815.9000000000001
8160 8.995305796583333e-06 816
8161 9.162406694910436e-06 816.1
8162 9.321989469829169e-06 816.2
8163 9.478218351725669e-06 816.3000000000001
8164 9.628425557423315e-06 816.4000000000001
8165 9.773132636022785e-06 816.5
8166 9.910192132135803e-06 816.6
8167 1.004324081305879e-05 816.7
8168 1.01700032713511e-05 816.8000000000001
8169 1.029159393047923e-05 816.9000000000001
8170 1.040563216952072e-05 817
8171 1.051386111889802e-05 817.1
8172 1.061729732709249e-05 817.2
8173 1.071305690004583e-05 817.3000000000001
8174 1.080450631316616e-05 817.4000000000001
8175 1.088839555048206e-05 817.5
8176 1.096863553911356e-05 817.6
8177 1.104333548807628e-05 817.7
8178 1.111028447398697e-05 817.8000000000001
8179 1.117106876041566e-05 817.9000000000001
8180 1.122672743548118e-05 818
8181 1.127709871507148e-05 818.1
8182 1.131995496716641e-05 818.2
8183 1.135706712399889e-05 818.3000000000001
8184 1.138873472395336e-05 818.4000000000001
8185 1.141188608444829e-05 818.5
8186 1.14323266284068e-05 818.6
8187 1.144317699480865e-05 818.7
8188 1.145003123473445e-05 818.8000000000001
8189 1.144940186387943e-05 818.9000000000001
8190 1.144440878801595e-05 819
8191 1.143332656079927e-05 819.1
8192 1.141421412002602e-05 819.2
8193 1.138949275479369e-05 819.3000000000001
8194 1.135885218066168e-05 819.4000000000001
8195 1.132251730738574e-05 819.5
8196 1.128085564697768e-05 819.6
8197 1.123172646142538e-05 819.7
8198 1.11790387606479e-05 819.8000000000001
8199 1.111859479531445e-05 819.9000000000001
8200 1.105253738487875e-05 820
8201 1.097855779889094e-05 820.1
8202 1.090035054240857e-05 820.2
8203 1.081521563834606e-05 820.3000000000001
8204 1.072423436537888e-05 820.4000000000001
8205 1.0627288769078e-05 820.5
8206 1.052395170770249e-05 820.6
8207 1.041702538535502e-05 820.7
8208 1.030304250697754e-05 820.8000000000001
8209 1.0184123457745e-05 820.9000000000001
8210 1.006221745133098e-05 821
8211 9.933449741392045e-06 821.1
8212 9.79907486221566e-06 821.2
8213 9.659222429325741e-06 821.3000000000001
8214 9.514099238297429e-06 821.4000000000001
8215 9.365303528408756e-06 821.5
8216 9.211923427489118e-06 821.6
8217 9.053082518670653e-06 821.7
8218 8.889361939223642e-06 821.8000000000001
8219 8.721357625247177e-06 821.9000000000001
8220 8.548074606514433e-06 822
8221 8.370865833163151e-06 822.1
8222 8.187207089785449e-06 822.2
8223 8.000272727736211e-06 822.3000000000001
8224 7.809876442349776e-06 822.4000000000001
8225 7.615066616300996e-06 822.5
8226 7.415674909958089e-06 822.6
8227 7.213525471720983e-06 822.7
8228 7.005262259741501e-06 822.8000000000001
8229 6.795203024839193e-06 822.9000000000001
8230 6.581995744761025e-06 823
8231 6.364635554716018e-06 823.1
8232 6.14346619276277e-06 823.2
8233 5.92062427256549e-06 823.3000000000001
8234 5.691701212825875e-06 823.4000000000001
8235 5.461870052974331e-06 823.5
8236 5.228118758643853e-06 823.6
8237 4.993348199745878e-06 823.7
8238 4.754619018053036e-06 823.8000000000001
8239 4.512720115803623e-06 823.9000000000001
8240 4.268996951026605e-06 824
8241 4.023705356976756e-06 824.1
8242 3.775185905816402e-06 824.2
8243 3.525422566047797e-06 824.3000000000001
8244 3.273101284684279e-06 824.4000000000001
8245 3.020664073311354e-06 824.5
8246 2.76533911284192e-06 824.6
8247 2.508352148688104e-06 824.7
8248 2.251713971580738e-06 824.8000000000001
8249 1.991852434880863e-06 824.9000000000001
8250 1.732147438233204e-06 825
8251 1.470806889716965e-06 825.1
8252 1.207500544436506e-06 825.2
8253 9.463134440868991e-07 825.3000000000001
8254 6.801227147005662e-07 825.4000000000001
8255 4.156864379633051e-07 825.5
8256 1.519738149300272e-07 825.6
8257 -1.147174210553369e-07 825.7
8258 -3.791893094802145e-07 825.8000000000001
8259 -6.451521938691753e-07 825.9000000000001
8260 -9.091888780275627e-07 826
8261 -1.173791114570036e-06 826.1
8262 -1.435960480874302e-06 826.2
8263 -1.698914354728087e-06 826.3000000000001
8264 -1.961082505641484e-06 826.4000000000001
8265 -2.222198904419168e-06 826.5
8266 -2.482950722806139e-06 826.6
8267 -2.742471695083561e-06 826.7
8268 -3.000979636952188e-06 826.8000000000001
8269 -3.257149759023417e-06 826.9000000000001
8270 -3.512756001629668e-06 827
8271 -3.763817677359196e-06 827.1
8272 -4.014868304233524e-06 827.2
8273 -4.264383005214705e-06 827.3000000000001
8274 -4.510919702837955e-06 827.4000000000001
8275 -4.753661323960681e-06 827.5
8276 -4.995043756065835e-06 827.6
8277 -5.234047968334946e-06 827.7
8278 -5.468627136039475e-06 827.8000000000001
8279 -5.700458024501417e-06 827.9000000000001
8280 -5.930352444244435e-06 828
8281 -6.156609414648689e-06 828.1
8282 -6.378725842588635e-06 828.2
8283 -6.598159666215277e-06 828.3000000000001
8284 -6.814457816610884e-06 828.4000000000001
8285 -7.027223251769468e-06 828.5
8286 -7.234018173056081e-06 828.6
8287 -7.437266256779228e-06 828.7
8288 -7.638960791753951e-06 828.8000000000001
8289 -7.835011151823182e-06 828.9000000000001
8290 -8.026419537408265e-06 829
8291 -8.213555937297781e-06 829.1
8292 -8.397381751688528e-06 829.2
8293 -8.57587724069487e-06 829.3000000000001
8294 -8.750620928828702e-06 829.4000000000001
8295 -8.918675274367487e-06 829.5
8296 -9.081837030720897e-06 829.6
8297 -9.238204216083936e-06 829.7
8298 -9.3933026938847e-06 829.8000000000001
8299 -9.538593904232084e-06 829.9000000000001
8300 -9.681142507253967e-06 830
8301 -9.816465590312681e-06 830.1
8302 -9.947720971130841e-06 830.2
8303 -1.007118584688276e-05 830.3000000000001
8304 -1.019097859251581e-05 830.4000000000001
8305 -1.030525329776876e-05 830.5
8306 -1.04116215057558e-05 830.6
8307 -1.051280513994536e-05 830.7
8308 -1.060934957319543e-05 830.8000000000001
8309 -1.069960212716292e-05 830.9000000000001
8310 -1.078243761173158e-05 831
8311 -1.086106971867203e-05 831.1
8312 -1.093065396976721e-05 831.2
8313 -1.09982024606661e-05 831.3000000000001
8314 -1.105805029585606e-05 831.4000000000001
8315 -1.111299893622588e-05 831.5
8316 -1.116046210315694e-05 831.6
8317 -1.120280744504188e-05 831.7
8318 -1.123930189617581e-05 831.8000000000001
8319 -1.12688370106364e-05 831.9000000000001
8320 -1.129186325268174e-05 832
8321 -1.131068141105437e-05 832.1
8322 -1.132282522509846e-05 832.2
8323 -1.132792036708417e-05 832.3000000000001
8324 -1.132609552595884e-05 832.4000000000001
8325 -1.131865804412068e-05 832.5
8326 -1.130732902436208e-05 832.6
8327 -1.128802298820685e-05 832.7
8328 -1.126336931972105e-05 832.8000000000001
8329 -1.123220822830366e-05 832.9000000000001
8330 -1.119412603305589e-05 833
8331 -1.115217840499551e-05 833.1
8332 -1.110248818641826e-05 833.2
8333 -1.104635530243283e-05 833.3000000000001
8334 -1.098499647128135e-05 833.4000000000001
8335 -1.091699736768194e-05 833.5
8336 -1.084098159248299e-05 833.6
8337 -1.075842983524561e-05 833.7
8338 -1.067058778246201e-05 833.8000000000001
8339 -1.057765213763551e-05 833.9000000000001
8340 -1.047961228855671e-05 834
8341 -1.037594630049485e-05 834.1
8342 -1.026709981919282e-05 834.2
8343 -1.015268324199257e-05 834.3000000000001
8344 -1.003349066032363e-05 834.4000000000001
8345 -9.908582570755804e-06 834.5
8346 -9.78078912310337e-06 834.6
8347 -9.644151362469943e-06 834.7
8348 -9.504027841306332e-06 834.8000000000001
8349 -9.358902056457319e-06 834.9000000000001
8350 -9.207268429481142e-06 835
8351 -9.054174153831562e-06 835.1
8352 -8.892430803116349e-06 835.2
8353 -8.728211377875336e-06 835.3000000000001
8354 -8.558247340082647e-06 835.4000000000001
8355 -8.383991999443219e-06 835.5
8356 -8.205109999508883e-06 835.6
8357 -8.020368466572645e-06 835.7
8358 -7.834087101283786e-06 835.8000000000001
8359 -7.641688345404104e-06 835.9000000000001
8360 -7.445433290061299e-06 836
8361 -7.244908364828621e-06 836.1
8362 -7.040728307199211e-06 836.2
8363 -6.834495783633625e-06 836.3000000000001
8364 -6.623705727334702e-06 836.4000000000001
8365 -6.407016458484618e-06 836.5
8366 -6.190142640111204e-06 836.6
8367 -5.96796594871803e-06 836.7
8368 -5.743252501381182e-06 836.8000000000001
8369 -5.517254455132884e-06 836.9000000000001
8370 -5.285512122930669e-06 837
8371 -5.051800104249184e-06 837.1
8372 -4.815595036334777e-06 837.2
8373 -4.576152809494611e-06 837.3000000000001
8374 -4.333897490383233e-06 837.4000000000001
8375 -4.091233021140979e-06 837.5
8376 -3.844308947424104e-06 837.6
8377 -3.596760671896981e-06 837.7
8378 -3.346713879068331e-06 837.8000000000001
8379 -3.094436924233194e-06 837.9000000000001
8380 -2.841283495296646e-06 838
8381 -2.586386784115909e-06 838.1
8382 -2.32938603455588e-06 838.2
8383 -2.071367770194391e-06 838.3000000000001
8384 -1.81243458606374e-06 838.4000000000001
8385 -1.551883888312519e-06 838.5
8386 -1.290893207802424e-06 838.6
8387 -1.028598373947962e-06 838.7
8388 -7.65881833322454e-07 838.8000000000001
8389 -5.01964812046098e-07 838.9000000000001
8390 -2.38136454195358e-07 839
8391 2.481739676687744e-08 839.1
8392 2.904388001129958e-07 839.2
8393 5.532190967601411e-07 839.3000000000001
8394 8.189766138265249e-07 839.4000000000001
8395 1.081857627778265e-06 839.5
8396 1.346353278409492e-06 839.6
8397 1.608912389366772e-06 839.7
8398 1.870695948216662e-06 839.8000000000001
8399 2.132152056411903e-06 839.9000000000001
8400 2.39400441934553e-06 840
8401 2.654009962344031e-06 840.1
8402 2.912258373090379e-06 840.2
8403 3.171633971205042e-06 840.3000000000001
8404 3.427292710967846e-06 840.4000000000001
8405 3.681469793605538e-06 840.5
8406 3.932940978362508e-06 840.6
8407 4.184263637066983e-06 840.7
8408 4.432369863623734e-06 840.8000000000001
8409 4.67621920163278e-06 840.9000000000001
8410 4.920868122454426e-06 841
8411 5.161292478765157e-06 841.1
8412 5.400231565495837e-06 841.2
8413 5.633912978600841e-06 841.3000000000001
8414 5.864114351697694e-06 841.4000000000001
8415 6.088979247765032e-06 841.5
8416 6.313558255882011e-06 841.6
8417 6.533759534579933e-06 841.7
8418 6.750452705924521e-06 841.8000000000001
8419 6.966012450850938e-06 841.9000000000001
8420 7.177548886891656e-06 842
8421 7.387963847531975e-06 842.1
8422 7.591625413958254e-06 842.2
8423 7.792634348473725e-06 842.3000000000001
8424 7.989053278427398e-06 842.4000000000001
8425 8.180025257392558e-06 842.5
8426 8.368039003877754e-06 842.6
8427 8.551545252431333e-06 842.7
8428 8.729255722281313e-06 842.8000000000001
8429 8.902188714665209e-06 842.9000000000001
8430 9.070164009107547e-06 843
8431 9.233800486670508e-06 843.1
8432 9.393075826589392e-06 843.2
8433 9.546071633773996e-06 843.3000000000001
8434 9.693145507391296e-06 843.4000000000001
8435 9.834932255063349e-06 843.5
8436 9.971047204838411e-06 843.6
8437 1.01006616694335e-05 843.7
8438 1.022451799739838e-05 843.8000000000001
8439 1.03437208849804e-05 843.9000000000001
8440 1.045505602485132e-05 844
8441 1.056123885396949e-05 844.1
8442 1.065981926850662e-05 844.2
8443 1.075430145141994e-05 844.3000000000001
8444 1.084308451703306e-05 844.4000000000001
8445 1.09251397047644e-05 844.5
8446 1.100225211785229e-05 844.6
8447 1.107390104588348e-05 844.7
8448 1.11382521508135e-05 844.8000000000001
8449 1.119628964274033e-05 844.9000000000001
8450 1.124882776003744e-05 845
8451 1.129704220009999e-05 845.1
8452 1.133754459746555e-05 845.2
8453 1.137251470416834e-05 845.3000000000001
8454 1.139969138205428e-05 845.4000000000001
8455 1.142131556303939e-05 845.5
8456 1.143775514952452e-05 845.6
8457 1.144694952052345e-05 845.7
8458 1.14518673367276e-05 845.8000000000001
8459 1.144765064013113e-05 845.9000000000001
8460 1.143983276314483e-05 846
8461 1.142446623806484e-05 846.1
8462 1.140394227755917e-05 846.2
8463 1.1377199281521e-05 846.3000000000001
8464 1.134342417087875e-05 846.4000000000001
8465 1.130458414147233e-05 846.5
8466 1.125920663299522e-05 846.6
8467 1.120860240865276e-05 846.7
8468 1.11531142080928e-05 846.8000000000001
8469 1.108965608017063e-05 846.9000000000001
8470 1.102011533650195e-05 847
8471 1.094402506915896e-05 847.1
8472 1.086327958184464e-05 847.2
8473 1.077455984422641e-05 847.3000000000001
8474 1.068194368560313e-05 847.4000000000001
8475 1.058173712570549e-05 847.5
8476 1.047667347995834e-05 847.6
8477 1.036566745620013e-05 847.7
8478 1.025077726808901e-05 847.8000000000001
8479 1.01307709831365e-05 847.9000000000001
8480 1.000553377140051e-05 848
8481 9.874201291649091e-06 848.1
8482 9.736241849395716e-06 848.2
8483 9.594710137246699e-06 848.3000000000001
8484 9.447913260619201e-06 848.4000000000001
8485 9.296342079654466e-06 848.5
8486 9.141858608939771e-06 848.6
8487 8.980726117113028e-06 848.7
8488 8.814491570150329e-06 848.8000000000001
8489 8.64397293508585e-06 848.9000000000001
8490 8.468214579638396e-06 849
8491 8.289284212319374e-06 849.1
8492 8.103746237988935e-06 849.2
8493 7.915720472221677e-06 849.3000000000001
8494 7.722722082055565e-06 849.4000000000001
8495 7.526798205565564e-06 849.5
8496 7.326197222681851e-06 849.6
8497 7.119388416087196e-06 849.7
8498 6.91163583174266e-06 849.8000000000001
8499 6.700942139829776e-06 849.9000000000001
8500 6.484359281028344e-06 850
8501 6.26658238189437e-06 850.1
8502 6.043864549938724e-06 850.2
8503 5.818077427963684e-06 850.3000000000001
8504 5.589104350319087e-06 850.4000000000001
8505 5.358123864829042e-06 850.5
8506 5.122769850407364e-06 850.6
8507 4.885880046803477e-06 850.7
8508 4.646993218870678e-06 850.8000000000001
8509 4.403874478289409e-06 850.9000000000001
8510 4.15951131247556e-06 851
8511 3.912229436239178e-06 851.1
8512 3.663220904227064e-06 851.2
8513 3.412821975969053e-06 851.3000000000001
8514 3.160803718257248e-06 851.4000000000001
8515 2.906186369518197e-06 851.5
8516 2.650370843059476e-06 851.6
8517 2.392946215460075e-06 851.7
8518 2.135357077820003e-06 851.8000000000001
8519 1.876716189890191e-06 851.9000000000001
8520 1.615814713141925e-06 852
8521 1.352499125308556e-06 852.1
8522 1.090583569355677e-06 852.2
8523 8.267074443773565e-07 852.3000000000001
8524 5.634053777190868e-07 852.4000000000001
8525 2.968445567150517e-07 852.5
8526 3.180339740239845e-08 852.6
8527 -2.327481111401708e-07 852.7
8528 -4.985766699137947e-07 852.8000000000001
8529 -7.632582176752376e-07 852.9000000000001
8530 -1.028682491149152e-06 853
8531 -1.290224595291907e-06 853.1
8532 -1.553337032461796e-06 853.2
8533 -1.816588777312524e-06 853.3000000000001
8534 -2.078718044326862e-06 853.4000000000001
8535 -2.338399574865496e-06 853.5
8536 -2.599609080055357e-06 853.6
8537 -2.858455823119089e-06 853.7
8538 -3.114834228840826e-06 853.8000000000001
8539 -3.372275937442533e-06 853.9000000000001
8540 -3.625822711800004e-06 854
8541 -3.877197385116935e-06 854.1
8542 -4.126674086232116e-06 854.2
8543 -4.374890209569808e-06 854.3000000000001
8544 -4.620279187767119e-06 854.4000000000001
8545 -4.862862442211354e-06 854.5
8546 -5.10279244679059e-06 854.6
8547 -5.338330927634032e-06 854.7
8548 -5.572151662963989e-06 854.8000000000001
8549 -5.803795544135046e-06 854.9000000000001
8550 -6.032938815674171e-06 855
8551 -6.256511008419442e-06 855.1
8552 -6.478069809972119e-06 855.2
8553 -6.69563931215524e-06 855.3000000000001
8554 -6.909247459054092e-06 855.4000000000001
8555 -7.120387856958094e-06 855.5
8556 -7.326068538257654e-06 855.6
8557 -7.528500956794816e-06 855.7
8558 -7.726913801834384e-06 855.8000000000001
8559 -7.921184808399948e-06 855.9000000000001
8560 -8.109928373962226e-06 856
8561 -8.297610375830974e-06 856.1
8562 -8.478317280988282e-06 856.2
8563 -8.655849003750979e-06 856.3000000000001
8564 -8.825114650834849e-06 856.4000000000001
8565 -8.993363007745206e-06 856.5
8566 -9.152905009197833e-06 856.6
8567 -9.308285597081693e-06 856.7
8568 -9.458227298502956e-06 856.8000000000001
8569 -9.604076970702351e-06 856.9000000000001
8570 -9.741539694709874e-06 857
8571 -9.87561535418363e-06 857.1
8572 -1.000573964177647e-05 857.2
8573 -1.012665517880012e-05 857.3000000000001
8574 -1.024205195363024e-05 857.4000000000001
8575 -1.035339196486985e-05 857.5
8576 -1.045777193703907e-05 857.6
8577 -1.055721357738152e-05 857.7
8578 -1.065055071591764e-05 857.8000000000001
8579 -1.073703730350042e-05 857.9000000000001
8580 -1.081802686323623e-05 858
8581 -1.089269420053245e-05 858.1
8582 -1.09618307519061e-05 858.2
8583 -1.102602718977633e-05 858.3000000000001
8584 -1.108348911861364e-05 858.4000000000001
8585 -1.113479277846507e-05 858.5
8586 -1.118024416924676e-05 858.6
8587 -1.121977603776447e-05 858.7
8588 -1.125304362028531e-05 858.8000000000001
8589 -1.127973884585148e-05 858.9000000000001
8590 -1.130079935508562e-05 859
8591 -1.131693036397598e-05 859.1
8592 -1.132571378130986e-05 859.2
8593 -1.132764134728413e-05 859.3000000000001
8594 -1.132385642153059e-05 859.4000000000001
8595 -1.131443935782797e-05 859.5
8596 -1.129838054393292e-05 859.6
8597 -1.127865282607303e-05 859.7
8598 -1.124956874059496e-05 859.8000000000001
8599 -1.121569195069764e-05 859.9000000000001
8600 -1.117585122666778e-05 860
8601 -1.113097922493772e-05 860.1
8602 -1.107761445047378e-05 860.2
8603 -1.101999781884158e-05 860.3000000000001
8604 -1.095563082803289e-05 860.4000000000001
8605 -1.088327273873026e-05 860.5
8606 -1.080475811334152e-05 860.6
8607 -1.071959806660928e-05 860.7
8608 -1.062992503060001e-05 860.8000000000001
8609 -1.053401601661798e-05 860.9000000000001
8610 -1.043366792890646e-05 861
8611 -1.032806155173882e-05 861.1
8612 -1.021629106793158e-05 861.2
8613 -1.00999706203283e-05 861.3000000000001
8614 -9.97869633748213e-06 861.4000000000001
8615 -9.851054014872381e-06 861.5
8616 -9.720777860854549e-06 861.6
8617 -9.581344498024693e-06 861.7
8618 -9.439282076434514e-06 861.8000000000001
8619 -9.291207943271185e-06 861.9000000000001
8620 -9.140962845888652e-06 862
8621 -8.98172638228744e-06 862.1
8622 -8.818913187331569e-06 862.2
8623 -8.65282243688212e-06 862.3000000000001
8624 -8.480608048216602e-06 862.4000000000001
8625 -8.304206465313879e-06 862.5
8626 -8.122663725682243e-06 862.6
8627 -7.937983376901482e-06 862.7
8628 -7.748134829881456e-06 862.8000000000001
8629 -7.553525024221349e-06 862.9000000000001
8630 -7.356175616765171e-06 863
8631 -7.153919440500024e-06 863.1
8632 -6.949017400925236e-06 863.2
8633 -6.740239035828042e-06 863.3000000000001
8634 -6.527705439274731e-06 863.4000000000001
8635 -6.310460562305191e-06 863.5
8636 -6.089953183741748e-06 863.6
8637 -5.868551737195879e-06 863.7
8638 -5.64170380131545e-06 863.8000000000001
8639 -5.413178213445258e-06 863.9000000000001
8640 -5.180248661268895e-06 864
8641 -4.946197105062147e-06 864.1
8642 -4.708410179579447e-06 864.2
8643 -4.468586405323318e-06 864.3000000000001
8644 -4.224824432552593e-06 864.4000000000001
8645 -3.980068487942062e-06 864.5
8646 -3.734703758671277e-06 864.6
8647 -3.484812482950113e-06 864.7
8648 -3.233804762035921e-06 864.8000000000001
8649 -2.98108858745172e-06 864.9000000000001
8650 -2.72714976186619e-06 865
8651 -2.47060277244109e-06 865.1
8652 -2.214484364840551e-06 865.2
8653 -1.956003563707746e-06 865.3000000000001
8654 -1.695445299081865e-06 865.4000000000001
8655 -1.435134490951783e-06 865.5
8656 -1.172846449379246e-06 865.6
8657 -9.110743198670458e-07 865.7
8658 -6.469731697429151e-07 865.8000000000001
8659 -3.843518938121102e-07 865.9000000000001
8660 -1.199113637475187e-07 866
8661 1.428945267454403e-07 866.1
8662 4.089169510287869e-07 866.2
8663 6.732405569605071e-07 866.3000000000001
8664 9.370075350416188e-07 866.4000000000001
8665 1.20019630262155e-06 866.5
8666 1.463589106016262e-06 866.6
8667 1.72645543067384e-06 866.7
8668 1.988501591058015e-06 866.8000000000001
8669 2.249277291143169e-06 866.9000000000001
8670 2.510853046151271e-06 867
8671 2.770471734336302e-06 867.1
8672 3.028258239659375e-06 867.2
8673 3.286699102240813e-06 867.3000000000001
8674 3.540878243559758e-06 867.4000000000001
8675 3.794935597766263e-06 867.5
8676 4.046149469016157e-06 867.6
8677 4.295507549643141e-06 867.7
8678 4.541796725157961e-06 867.8000000000001
8679 4.787461813004796e-06 867.9000000000001
8680 5.029606596911855e-06 868
8681 5.269214566568392e-06 868.1
8682 5.504601068925145e-06 868.2
8683 5.736409509569619e-06 868.3000000000001
8684 5.966054356530202e-06 868.4000000000001
8685 6.190850497631745e-06 868.5
8686 6.411199730067024e-06 868.6
8687 6.631392435108067e-06 868.7
8688 6.848667238020592e-06 868.8000000000001
8689 7.060609967092236e-06 868.9000000000001
8690 7.27142809416136e-06 869
8691 7.479473322810603e-06 869.1
8692 7.681545234485704e-06 869.2
8693 7.880901490431189e-06 869.3000000000001
8694 8.075926331536051e-06 869.4000000000001
8695 8.264784494641148e-06 869.5
8696 8.449028431837788e-06 869.6
8697 8.63196524063253e-06 869.7
8698 8.807944247750232e-06 869.8000000000001
8699 8.978233595471153e-06 869.9000000000001
8700 9.145163693710428e-06 870
8701 9.305484505712218e-06 870.1
8702 9.461562321365869e-06 870.2
8703 9.61278125681507e-06 870.3000000000001
8704 9.758372475051743e-06 870.4000000000001
8705 9.896033798409534e-06 870.5
8706 1.002967135895814e-05 870.6
8707 1.015655278645552e-05 870.7
8708 1.027942724282582e-05 870.8000000000001
8709 1.039387622346259e-05 870.9000000000001
8710 1.050351462901312e-05 871
8711 1.060681559516116e-05 871.1
8712 1.07032478735278e-05 871.2
8713 1.079425001038105e-05 871.3000000000001
8714 1.088053148451384e-05 871.4000000000001
8715 1.096085091854254e-05 871.5
8716 1.103613098639124e-05 871.6
8717 1.110300129770732e-05 871.7
8718 1.116475937783402e-05 871.8000000000001
8719 1.122112030226124e-05 871.9000000000001
8720 1.127225081694171e-05 872
8721 1.131538924581126e-05 872.1
8722 1.135348317483712e-05 872.2
8723 1.138523019298362e-05 872.3000000000001
8724 1.14095642630358e-05 872.4000000000001
8725 1.142983654769545e-05 872.5
8726 1.144252030002836e-05 872.6
8727 1.144979438488585e-05 872.7
8728 1.144989797091767e-05 872.8000000000001
8729 1.144500161577423e-05 872.9000000000001
8730 1.143444197002025e-05 873
8731 1.141562282562334e-05 873.1
8732 1.139281648885545e-05 873.2
8733 1.136292239007886e-05 873.3000000000001
8734 1.132617560449821e-05 873.4000000000001
8735 1.128527400854476e-05 873.5
8736 1.123702712959942e-05 873.6
8737 1.118466629360753e-05 873.7
8738 1.112465013371288e-05 873.8000000000001
8739 1.105977867196665e-05 873.9000000000001
8740 1.098670287159853e-05 874
8741 1.090882182747054e-05 874.1
8742 1.082379212966982e-05 874.2
8743 1.073335336525598e-05 874.3000000000001
8744 1.06378163624183e-05 874.4000000000001
8745 1.053471338787737e-05 874.5
8746 1.042848739946285e-05 874.6
8747 1.031482346743459e-05 874.7
8748 1.019680165408084e-05 874.8000000000001
8749 1.007463540167661e-05 874.9000000000001
8750 9.947223906341821e-06 875
8751 9.813537962499514e-06 875.1
8752 9.673359288062662e-06 875.2
8753 9.529143547235398e-06 875.3000000000001
8754 9.381133689552078e-06 875.4000000000001
8755 9.22766547865527e-06 875.5
8756 9.070030755871939e-06 875.6
8757 8.90626394354145e-06 875.7
8758 8.73914561126144e-06 875.8000000000001
8759 8.565722444661455e-06 875.9000000000001
8760 8.389686341147612e-06 876
8761 8.206535592003349e-06 876.1
8762 8.019948874031772e-06 876.2
8763 7.829620512126042e-06 876.3000000000001
8764 7.634479419749226e-06 876.4000000000001
8765 7.437347356936691e-06 876.5
8766 7.234454064210255e-06 876.6
8767 7.026778991442737e-06 876.7
8768 6.817198407536749e-06 876.8000000000001
8769 6.604658767267363e-06 876.9000000000001
8770 6.387852070657793e-06 877
8771 6.16581794821483e-06 877.1
8772 5.943493089040551e-06 877.2
8773 5.71510487506236e-06 877.3000000000001
8774 5.4860485231044e-06 877.4000000000001
8775 5.253199096777476e-06 877.5
8776 5.01729714160065e-06 877.6
8777 4.779174841267263e-06 877.7
8778 4.53806848310247e-06 877.8000000000001
8779 4.295207403843051e-06 877.9000000000001
8780 4.048810753099313e-06 878
8781 3.800988789938789e-06 878.1
8782 3.55147512922552e-06 878.2
8783 3.300013535020403e-06 878.3000000000001
8784 3.046616238603938e-06 878.4000000000001
8785 2.792047228928049e-06 878.5
8786 2.535032582596442e-06 878.6
8787 2.278592247397967e-06 878.7
8788 2.018811074723707e-06 878.8000000000001
8789 1.758947835920942e-06 878.9000000000001
8790 1.497974701274404e-06 879
8791 1.234447193664267e-06 879.1
8792 9.726843220361007e-07 879.2
8793 7.084403325789934e-07 879.3000000000001
8794 4.436367017886136e-07 879.4000000000001
8795 1.783154860128348e-07 879.5
8796 -8.716476140797454e-08 879.6
8797 -3.520342804692916e-07 879.7
8798 -6.17982564755596e-07 879.8000000000001
8799 -8.82325534010613e-07 879.9000000000001
8800 -1.145557871793284e-06 880
8801 -1.408945777506112e-06 880.1
8802 -1.671722677394224e-06 880.2
8803 -1.933758655532288e-06 880.3000000000001
8804 -2.195182375158369e-06 880.4000000000001
8805 -2.456428970923189e-06 880.5
8806 -2.715976032864133e-06 880.6
8807 -2.974254467155704e-06 880.7
8808 -3.230539020290457e-06 880.8000000000001
8809 -3.486090688750758e-06 880.9000000000001
8810 -3.738784726408452e-06 881
8811 -3.988847656078525e-06 881.1
8812 -4.238769175006357e-06 881.2
8813 -4.485266940014979e-06 881.3000000000001
8814 -4.728471415882943e-06 881.4000000000001
8815 -4.970260441915985e-06 881.5
8816 -5.209247972939157e-06 881.6
8817 -5.444945998350757e-06 881.7
8818 -5.675989767236992e-06 881.8000000000001
8819 -5.906015387710261e-06 881.9000000000001
8820 -6.133490892661355e-06 882
8821 -6.356803955290236e-06 882.1
8822 -6.575909744673017e-06 882.2
8823 -6.792345921009883e-06 882.3000000000001
8824 -7.004787555777845e-06 882.4000000000001
8825 -7.212482573847346e-06 882.5
8826 -7.416269080181694e-06 882.6
8827 -7.618637190132054e-06 882.7
8828 -7.814716707350884e-06 882.8000000000001
8829 -8.007480640275154e-06 882.9000000000001
8830 -8.193255073202995e-06 883
8831 -8.377813701589064e-06 883.1
8832 -8.557860052218658e-06 883.2
8833 -8.733787970296797e-06 883.3000000000001
8834 -8.90122555535144e-06 883.4000000000001
8835 -9.065362486230331e-06 883.5
8836 -9.222389744212412e-06 883.6
8837 -9.376633418845913e-06 883.7
8838 -9.524078384657225e-06 883.8000000000001
8839 -9.666223987534616e-06 883.9000000000001
8840 -9.803371367875808e-06 884
8841 -9.934256244383422e-06 884.1
8842 -1.005775356365484e-05 884.2
8843 -1.017982945980297e-05 884.3000000000001
8844 -1.029350193438814e-05 884.4000000000001
8845 -1.04014974401666e-05 884.5
8846 -1.050254076262177e-05 884.6
8847 -1.05997648471906e-05 884.7
8848 -1.069066395858459e-05 884.8000000000001
8849 -1.077399740801925e-05 884.9000000000001
8850 -1.085322247357996e-05 885
8851 -1.09240609437422e-05 885.1
8852 -1.099105395591903e-05 885.2
8853 -1.105241086297324e-05 885.3000000000001
8854 -1.110693036456012e-05 885.4000000000001
8855 -1.115535269939921e-05 885.5
8856 -1.119883078212907e-05 885.6
8857 -1.12356694486468e-05 885.7
8858 -1.126587701665127e-05 885.8000000000001
8859 -1.128966532596993e-05 885.9000000000001
8860 -1.130931996333774e-05 886
8861 -1.132188828202093e-05 886.1
8862 -1.132715969297688e-05 886.2
8863 -1.13263568694721e-05 886.3000000000001
8864 -1.131971792334862e-05 886.4000000000001
8865 -1.1308520610138e-05 886.5
8866 -1.129012482965412e-05 886.6
8867 -1.126628667259362e-05 886.7
8868 -1.123588114420311e-05 886.8000000000001
8869 -1.119788890486472e-05 886.9000000000001
8870 -1.115666225699829e-05 887
8871 -1.11075032683213e-05 887.1
8872 -1.105212029719472e-05 887.2
8873 -1.099214881193663e-05 887.3000000000001
8874 -1.092422302461017e-05 887.4000000000001
8875 -1.084922442948505e-05 887.5
8876 -1.076712166711983e-05 887.6
8877 -1.067977948714226e-05 887.7
8878 -1.058743760925231e-05 887.8000000000001
8879 -1.04899993774736e-05 887.9000000000001
8880 -1.038661016791178e-05 888
8881 -1.0278643442929e-05 888.1
8882 -1.016472170993754e-05 888.2
8883 -1.004575445802162e-05 888.3000000000001
8884 -9.921805244348562e-06 888.4000000000001
8885 -9.793923139680169e-06 888.5
8886 -9.658403172798801e-06 888.6
8887 -9.518816870206899e-06 888.7
8888 -9.374230720078979e-06 888.8000000000001
8889 -9.223466629026605e-06 888.9000000000001
8890 -9.071138651297898e-06 889
8891 -8.907906721953953e-06 889.1
8892 -8.74508299741779e-06 889.2
8893 -8.5759279158751e-06 889.3000000000001
8894 -8.402264411215208e-06 889.4000000000001
8895 -8.22413683721251e-06 889.5
8896 -8.038729006302953e-06 889.6
8897 -7.853840022246979e-06 889.7
8898 -7.661726040896207e-06 889.8000000000001
8899 -7.465508386675984e-06 889.9000000000001
8900 -7.266120280525197e-06 890
8901 -7.061351083423059e-06 890.1
8902 -6.856364033904162e-06 890.2
